Archive member included to satisfy reference by file (symbol)

D:/ST/STM32CubeIDE_1.16.1/STM32CubeIDE/plugins/com.st.stm32cube.ide.mcu.externaltools.gnu-tools-for-stm32.12.3.rel1.win32_1.0.200.202406191623/tools/bin/../lib/gcc/arm-none-eabi/12.3.1/../../../../arm-none-eabi/lib/thumb/v6-m/nofp\libc_nano.a(libc_a-exit.o)
                              D:/ST/STM32CubeIDE_1.16.1/STM32CubeIDE/plugins/com.st.stm32cube.ide.mcu.externaltools.gnu-tools-for-stm32.12.3.rel1.win32_1.0.200.202406191623/tools/bin/../lib/gcc/arm-none-eabi/12.3.1/../../../../arm-none-eabi/lib/thumb/v6-m/nofp/crt0.o (exit)
D:/ST/STM32CubeIDE_1.16.1/STM32CubeIDE/plugins/com.st.stm32cube.ide.mcu.externaltools.gnu-tools-for-stm32.12.3.rel1.win32_1.0.200.202406191623/tools/bin/../lib/gcc/arm-none-eabi/12.3.1/../../../../arm-none-eabi/lib/thumb/v6-m/nofp\libc_nano.a(libc_a-findfp.o)
                              D:/ST/STM32CubeIDE_1.16.1/STM32CubeIDE/plugins/com.st.stm32cube.ide.mcu.externaltools.gnu-tools-for-stm32.12.3.rel1.win32_1.0.200.202406191623/tools/bin/../lib/gcc/arm-none-eabi/12.3.1/../../../../arm-none-eabi/lib/thumb/v6-m/nofp\libc_nano.a(libc_a-exit.o) (__stdio_exit_handler)
D:/ST/STM32CubeIDE_1.16.1/STM32CubeIDE/plugins/com.st.stm32cube.ide.mcu.externaltools.gnu-tools-for-stm32.12.3.rel1.win32_1.0.200.202406191623/tools/bin/../lib/gcc/arm-none-eabi/12.3.1/../../../../arm-none-eabi/lib/thumb/v6-m/nofp\libc_nano.a(libc_a-fwalk.o)
                              D:/ST/STM32CubeIDE_1.16.1/STM32CubeIDE/plugins/com.st.stm32cube.ide.mcu.externaltools.gnu-tools-for-stm32.12.3.rel1.win32_1.0.200.202406191623/tools/bin/../lib/gcc/arm-none-eabi/12.3.1/../../../../arm-none-eabi/lib/thumb/v6-m/nofp\libc_nano.a(libc_a-findfp.o) (_fwalk_sglue)
D:/ST/STM32CubeIDE_1.16.1/STM32CubeIDE/plugins/com.st.stm32cube.ide.mcu.externaltools.gnu-tools-for-stm32.12.3.rel1.win32_1.0.200.202406191623/tools/bin/../lib/gcc/arm-none-eabi/12.3.1/../../../../arm-none-eabi/lib/thumb/v6-m/nofp\libc_nano.a(libc_a-stdio.o)
                              D:/ST/STM32CubeIDE_1.16.1/STM32CubeIDE/plugins/com.st.stm32cube.ide.mcu.externaltools.gnu-tools-for-stm32.12.3.rel1.win32_1.0.200.202406191623/tools/bin/../lib/gcc/arm-none-eabi/12.3.1/../../../../arm-none-eabi/lib/thumb/v6-m/nofp\libc_nano.a(libc_a-findfp.o) (__sread)
D:/ST/STM32CubeIDE_1.16.1/STM32CubeIDE/plugins/com.st.stm32cube.ide.mcu.externaltools.gnu-tools-for-stm32.12.3.rel1.win32_1.0.200.202406191623/tools/bin/../lib/gcc/arm-none-eabi/12.3.1/../../../../arm-none-eabi/lib/thumb/v6-m/nofp\libc_nano.a(libc_a-memset.o)
                              D:/ST/STM32CubeIDE_1.16.1/STM32CubeIDE/plugins/com.st.stm32cube.ide.mcu.externaltools.gnu-tools-for-stm32.12.3.rel1.win32_1.0.200.202406191623/tools/bin/../lib/gcc/arm-none-eabi/12.3.1/../../../../arm-none-eabi/lib/thumb/v6-m/nofp/crt0.o (memset)
D:/ST/STM32CubeIDE_1.16.1/STM32CubeIDE/plugins/com.st.stm32cube.ide.mcu.externaltools.gnu-tools-for-stm32.12.3.rel1.win32_1.0.200.202406191623/tools/bin/../lib/gcc/arm-none-eabi/12.3.1/../../../../arm-none-eabi/lib/thumb/v6-m/nofp\libc_nano.a(libc_a-closer.o)
                              D:/ST/STM32CubeIDE_1.16.1/STM32CubeIDE/plugins/com.st.stm32cube.ide.mcu.externaltools.gnu-tools-for-stm32.12.3.rel1.win32_1.0.200.202406191623/tools/bin/../lib/gcc/arm-none-eabi/12.3.1/../../../../arm-none-eabi/lib/thumb/v6-m/nofp\libc_nano.a(libc_a-stdio.o) (_close_r)
D:/ST/STM32CubeIDE_1.16.1/STM32CubeIDE/plugins/com.st.stm32cube.ide.mcu.externaltools.gnu-tools-for-stm32.12.3.rel1.win32_1.0.200.202406191623/tools/bin/../lib/gcc/arm-none-eabi/12.3.1/../../../../arm-none-eabi/lib/thumb/v6-m/nofp\libc_nano.a(libc_a-reent.o)
                              D:/ST/STM32CubeIDE_1.16.1/STM32CubeIDE/plugins/com.st.stm32cube.ide.mcu.externaltools.gnu-tools-for-stm32.12.3.rel1.win32_1.0.200.202406191623/tools/bin/../lib/gcc/arm-none-eabi/12.3.1/../../../../arm-none-eabi/lib/thumb/v6-m/nofp\libc_nano.a(libc_a-closer.o) (errno)
D:/ST/STM32CubeIDE_1.16.1/STM32CubeIDE/plugins/com.st.stm32cube.ide.mcu.externaltools.gnu-tools-for-stm32.12.3.rel1.win32_1.0.200.202406191623/tools/bin/../lib/gcc/arm-none-eabi/12.3.1/../../../../arm-none-eabi/lib/thumb/v6-m/nofp\libc_nano.a(libc_a-impure.o)
                              D:/ST/STM32CubeIDE_1.16.1/STM32CubeIDE/plugins/com.st.stm32cube.ide.mcu.externaltools.gnu-tools-for-stm32.12.3.rel1.win32_1.0.200.202406191623/tools/bin/../lib/gcc/arm-none-eabi/12.3.1/../../../../arm-none-eabi/lib/thumb/v6-m/nofp\libc_nano.a(libc_a-reent.o) (_impure_ptr)
D:/ST/STM32CubeIDE_1.16.1/STM32CubeIDE/plugins/com.st.stm32cube.ide.mcu.externaltools.gnu-tools-for-stm32.12.3.rel1.win32_1.0.200.202406191623/tools/bin/../lib/gcc/arm-none-eabi/12.3.1/../../../../arm-none-eabi/lib/thumb/v6-m/nofp\libc_nano.a(libc_a-lseekr.o)
[...]
Memory Configuration

Name             Origin             Length             Attributes
RAM              0x20000000         0x00002000         xrw
FLASH            0x08000000         0x00008000         xr
*default*        0x00000000         0xffffffff

Linker script and memory map

LOAD D:/ST/STM32CubeIDE_1.16.1/STM32CubeIDE/plugins/com.st.stm32cube.ide.mcu.externaltools.gnu-tools-for-stm32.12.3.rel1.win32_1.0.200.202406191623/tools/bin/../lib/gcc/arm-none-eabi/12.3.1/thumb/v6-m/nofp/crti.o
LOAD D:/ST/STM32CubeIDE_1.16.1/STM32CubeIDE/plugins/com.st.stm32cube.ide.mcu.externaltools.gnu-tools-for-stm32.12.3.rel1.win32_1.0.200.202406191623/tools/bin/../lib/gcc/arm-none-eabi/12.3.1/thumb/v6-m/nofp/crtbegin.o
LOAD D:/ST/STM32CubeIDE_1.16.1/STM32CubeIDE/plugins/com.st.stm32cube.ide.mcu.externaltools.gnu-tools-for-stm32.12.3.rel1.win32_1.0.200.202406191623/tools/bin/../lib/gcc/arm-none-eabi/12.3.1/../../../../arm-none-eabi/lib/thumb/v6-m/nofp/crt0.o
LOAD ./Core/Inc/VL53L1X/core/VL53L1X_api.o
LOAD ./Core/Inc/VL53L1X/core/VL53L1X_calibration.o
LOAD ./Core/Inc/VL53L1X/platform/vl53l1_platform.o
LOAD ./Core/Inc/VL53L1X/vl53l1x.o
LOAD ./Core/Src/Adapter/massage_adapter.o
LOAD ./Core/Src/PMW3901MB/pmw_3901.o
LOAD ./Core/Src/main.o
LOAD ./Core/Src/stm32g0xx_hal_msp.o
LOAD ./Core/Src/stm32g0xx_it.o
LOAD ./Core/Src/syscalls.o
LOAD ./Core/Src/sysmem.o
LOAD ./Core/Src/system_stm32g0xx.o
LOAD ./Core/Startup/startup_stm32g030f6px.o
LOAD ./Drivers/STM32G0xx_HAL_Driver/Src/stm32g0xx_hal.o
LOAD ./Drivers/STM32G0xx_HAL_Driver/Src/stm32g0xx_hal_cortex.o
LOAD ./Drivers/STM32G0xx_HAL_Driver/Src/stm32g0xx_hal_dma.o
LOAD ./Drivers/STM32G0xx_HAL_Driver/Src/stm32g0xx_hal_dma_ex.o
LOAD ./Drivers/STM32G0xx_HAL_Driver/Src/stm32g0xx_hal_exti.o
LOAD ./Drivers/STM32G0xx_HAL_Driver/Src/stm32g0xx_hal_flash.o
LOAD ./Drivers/STM32G0xx_HAL_Driver/Src/stm32g0xx_hal_flash_ex.o
LOAD ./Drivers/STM32G0xx_HAL_Driver/Src/stm32g0xx_hal_gpio.o
LOAD ./Drivers/STM32G0xx_HAL_Driver/Src/stm32g0xx_hal_i2c.o
LOAD ./Drivers/STM32G0xx_HAL_Driver/Src/stm32g0xx_hal_i2c_ex.o
LOAD ./Drivers/STM32G0xx_HAL_Driver/Src/stm32g0xx_hal_pwr.o
LOAD ./Drivers/STM32G0xx_HAL_Driver/Src/stm32g0xx_hal_pwr_ex.o
LOAD ./Drivers/STM32G0xx_HAL_Driver/Src/stm32g0xx_hal_rcc.o
LOAD ./Drivers/STM32G0xx_HAL_Driver/Src/stm32g0xx_hal_rcc_ex.o
LOAD ./Drivers/STM32G0xx_HAL_Driver/Src/stm32g0xx_hal_spi.o
LOAD ./Drivers/STM32G0xx_HAL_Driver/Src/stm32g0xx_hal_spi_ex.o
LOAD ./Drivers/STM32G0xx_HAL_Driver/Src/stm32g0xx_hal_tim.o
LOAD ./Drivers/STM32G0xx_HAL_Driver/Src/stm32g0xx_hal_tim_ex.o
LOAD ./Drivers/STM32G0xx_HAL_Driver/Src/stm32g0xx_hal_uart.o
LOAD ./Drivers/STM32G0xx_HAL_Driver/Src/stm32g0xx_hal_uart_ex.o
LOAD ./Drivers/STM32G0xx_HAL_Driver/Src/stm32g0xx_ll_rcc.o
START GROUP
LOAD D:/ST/STM32CubeIDE_1.16.1/STM32CubeIDE/plugins/com.st.stm32cube.ide.mcu.externaltools.gnu-tools-for-stm32.12.3.rel1.win32_1.0.200.202406191623/tools/bin/../lib/gcc/arm-none-eabi/12.3.1/../../../../arm-none-eabi/lib/thumb/v6-m/nofp\libc_nano.a
LOAD D:/ST/STM32CubeIDE_1.16.1/STM32CubeIDE/plugins/com.st.stm32cube.ide.mcu.externaltools.gnu-tools-for-stm32.12.3.rel1.win32_1.0.200.202406191623/tools/bin/../lib/gcc/arm-none-eabi/12.3.1/../../../../arm-none-eabi/lib/thumb/v6-m/nofp\libm.a
LOAD D:/ST/STM32CubeIDE_1.16.1/STM32CubeIDE/plugins/com.st.stm32cube.ide.mcu.externaltools.gnu-tools-for-stm32.12.3.rel1.win32_1.0.200.202406191623/tools/bin/../lib/gcc/arm-none-eabi/12.3.1/../../../../arm-none-eabi/lib/thumb/v6-m/nofp\libstdc++_nano.a
LOAD D:/ST/STM32CubeIDE_1.16.1/STM32CubeIDE/plugins/com.st.stm32cube.ide.mcu.externaltools.gnu-tools-for-stm32.12.3.rel1.win32_1.0.200.202406191623/tools/bin/../lib/gcc/arm-none-eabi/12.3.1/../../../../arm-none-eabi/lib/thumb/v6-m/nofp\libsupc++_nano.a
END GROUP
START GROUP
LOAD D:/ST/STM32CubeIDE_1.16.1/STM32CubeIDE/plugins/com.st.stm32cube.ide.mcu.externaltools.gnu-tools-for-stm32.12.3.rel1.win32_1.0.200.202406191623/tools/bin/../lib/gcc/arm-none-eabi/12.3.1/thumb/v6-m/nofp\libgcc.a
LOAD D:/ST/STM32CubeIDE_1.16.1/STM32CubeIDE/plugins/com.st.stm32cube.ide.mcu.externaltools.gnu-tools-for-stm32.12.3.rel1.win32_1.0.200.202406191623/tools/bin/../lib/gcc/arm-none-eabi/12.3.1/../../../../arm-none-eabi/lib/thumb/v6-m/nofp\libc_nano.a
END GROUP
START GROUP
LOAD D:/ST/STM32CubeIDE_1.16.1/STM32CubeIDE/plugins/com.st.stm32cube.ide.mcu.externaltools.gnu-tools-for-stm32.12.3.rel1.win32_1.0.200.202406191623/tools/bin/../lib/gcc/arm-none-eabi/12.3.1/thumb/v6-m/nofp\libgcc.a
LOAD D:/ST/STM32CubeIDE_1.16.1/STM32CubeIDE/plugins/com.st.stm32cube.ide.mcu.externaltools.gnu-tools-for-stm32.12.3.rel1.win32_1.0.200.202406191623/tools/bin/../lib/gcc/arm-none-eabi/12.3.1/../../../../arm-none-eabi/lib/thumb/v6-m/nofp\libc_nano.a
LOAD D:/ST/STM32CubeIDE_1.16.1/STM32CubeIDE/plugins/com.st.stm32cube.ide.mcu.externaltools.gnu-tools-for-stm32.12.3.rel1.win32_1.0.200.202406191623/tools/bin/../lib/gcc/arm-none-eabi/12.3.1/../../../../arm-none-eabi/lib/thumb/v6-m/nofp\libnosys.a
END GROUP
START GROUP
LOAD D:/ST/STM32CubeIDE_1.16.1/STM32CubeIDE/plugins/com.st.stm32cube.ide.mcu.externaltools.gnu-tools-for-stm32.12.3.rel1.win32_1.0.200.202406191623/tools/bin/../lib/gcc/arm-none-eabi/12.3.1/thumb/v6-m/nofp\libgcc.a
LOAD D:/ST/STM32CubeIDE_1.16.1/STM32CubeIDE/plugins/com.st.stm32cube.ide.mcu.externaltools.gnu-tools-for-stm32.12.3.rel1.win32_1.0.200.202406191623/tools/bin/../lib/gcc/arm-none-eabi/12.3.1/../../../../arm-none-eabi/lib/thumb/v6-m/nofp\libc_nano.a
LOAD D:/ST/STM32CubeIDE_1.16.1/STM32CubeIDE/plugins/com.st.stm32cube.ide.mcu.externaltools.gnu-tools-for-stm32.12.3.rel1.win32_1.0.200.202406191623/tools/bin/../lib/gcc/arm-none-eabi/12.3.1/../../../../arm-none-eabi/lib/thumb/v6-m/nofp\libnosys.a
END GROUP
LOAD D:/ST/STM32CubeIDE_1.16.1/STM32CubeIDE/plugins/com.st.stm32cube.ide.mcu.externaltools.gnu-tools-for-stm32.12.3.rel1.win32_1.0.200.202406191623/tools/bin/../lib/gcc/arm-none-eabi/12.3.1/thumb/v6-m/nofp/crtend.o
LOAD D:/ST/STM32CubeIDE_1.16.1/STM32CubeIDE/plugins/com.st.stm32cube.ide.mcu.externaltools.gnu-tools-for-stm32.12.3.rel1.win32_1.0.200.202406191623/tools/bin/../lib/gcc/arm-none-eabi/12.3.1/thumb/v6-m/nofp/crtn.o
                0x20002000                        _estack = (ORIGIN (RAM) + LENGTH (RAM))
                0x00000200                        _Min_Heap_Size = 0x200
                0x00000400                        _Min_Stack_Size = 0x400

.isr_vector     0x08000000       0xb8
                0x08000000                        . = ALIGN (0x4)
 *(.isr_vector)
 .isr_vector    0x08000000       0xb8 ./Core/Startup/startup_stm32g030f6px.o
                0x08000000                g_pfnVectors
                0x080000b8                        . = ALIGN (0x4)

.text           0x080000b8     0x4710
                0x080000b8                        . = ALIGN (0x4)
 *(.text)
 .text          0x080000b8       0x48 D:/ST/STM32CubeIDE_1.16.1/STM32CubeIDE/plugins/com.st.stm32cube.ide.mcu.externaltools.gnu-tools-for-stm32.12.3.rel1.win32_1.0.200.202406191623/tools/bin/../lib/gcc/arm-none-eabi/12.3.1/thumb/v6-m/nofp/crtbegin.o
 .text          0x08000100       0x14 D:/ST/STM32CubeIDE_1.16.1/STM32CubeIDE/plugins/com.st.stm32cube.ide.mcu.externaltools.gnu-tools-for-stm32.12.3.rel1.win32_1.0.200.202406191623/tools/bin/../lib/gcc/arm-none-eabi/12.3.1/thumb/v6-m/nofp\libgcc.a(_thumb1_case_uqi.o)
                0x08000100                __gnu_thumb1_case_uqi
 .text          0x08000114      0x114 D:/ST/STM32CubeIDE_1.16.1/STM32CubeIDE/plugins/com.st.stm32cube.ide.mcu.externaltools.gnu-tools-for-stm32.12.3.rel1.win32_1.0.200.202406191623/tools/bin/../lib/gcc/arm-none-eabi/12.3.1/thumb/v6-m/nofp\libgcc.a(_udivsi3.o)
                0x08000114                __aeabi_uidiv
                0x08000114                __udivsi3
                0x08000220                __aeabi_uidivmod
 .text          0x08000228      0x1d4 D:/ST/STM32CubeIDE_1.16.1/STM32CubeIDE/plugins/com.st.stm32cube.ide.mcu.externaltools.gnu-tools-for-stm32.12.3.rel1.win32_1.0.200.202406191623/tools/bin/../lib/gcc/arm-none-eabi/12.3.1/thumb/v6-m/nofp\libgcc.a(_divsi3.o)
                0x08000228                __divsi3
                0x08000228                __aeabi_idiv
                0x080003f4                __aeabi_idivmod
 .text          0x080003fc        0x4 D:/ST/STM32CubeIDE_1.16.1/STM32CubeIDE/plugins/com.st.stm32cube.ide.mcu.externaltools.gnu-tools-for-stm32.12.3.rel1.win32_1.0.200.202406191623/tools/bin/../lib/gcc/arm-none-eabi/12.3.1/thumb/v6-m/nofp\libgcc.a(_dvmd_tls.o)
                0x080003fc                __aeabi_idiv0
                0x080003fc                __aeabi_ldiv0
 .text          0x08000400       0x3c D:/ST/STM32CubeIDE_1.16.1/STM32CubeIDE/plugins/com.st.stm32cube.ide.mcu.externaltools.gnu-tools-for-stm32.12.3.rel1.win32_1.0.200.202406191623/tools/bin/../lib/gcc/arm-none-eabi/12.3.1/thumb/v6-m/nofp\libgcc.a(_fixunsdfsi.o)
                0x08000400                __aeabi_d2uiz
                0x08000400                __fixunsdfsi
 .text          0x0800043c      0x590 D:/ST/STM32CubeIDE_1.16.1/STM32CubeIDE/plugins/com.st.stm32cube.ide.mcu.externaltools.gnu-tools-for-stm32.12.3.rel1.win32_1.0.200.202406191623/tools/bin/../lib/gcc/arm-none-eabi/12.3.1/thumb/v6-m/nofp\libgcc.a(muldf3.o)
                0x0800043c                __aeabi_dmul
 .text          0x080009cc      0x738 D:/ST/STM32CubeIDE_1.16.1/STM32CubeIDE/plugins/com.st.stm32cube.ide.mcu.externaltools.gnu-tools-for-stm32.12.3.rel1.win32_1.0.200.202406191623/tools/bin/../lib/gcc/arm-none-eabi/12.3.1/thumb/v6-m/nofp\libgcc.a(subdf3.o)
                0x080009cc                __aeabi_dsub
 .text          0x08001104       0x78 D:/ST/STM32CubeIDE_1.16.1/STM32CubeIDE/plugins/com.st.stm32cube.ide.mcu.externaltools.gnu-tools-for-stm32.12.3.rel1.win32_1.0.200.202406191623/tools/bin/../lib/gcc/arm-none-eabi/12.3.1/thumb/v6-m/nofp\libgcc.a(fixdfsi.o)
                0x08001104                __aeabi_d2iz
 .text          0x0800117c       0x48 D:/ST/STM32CubeIDE_1.16.1/STM32CubeIDE/plugins/com.st.stm32cube.ide.mcu.externaltools.gnu-tools-for-stm32.12.3.rel1.win32_1.0.200.202406191623/tools/bin/../lib/gcc/arm-none-eabi/12.3.1/thumb/v6-m/nofp\libgcc.a(floatunsidf.o)
                0x0800117c                __aeabi_ui2d
 .text          0x080011c4       0x7c D:/ST/STM32CubeIDE_1.16.1/STM32CubeIDE/plugins/com.st.stm32cube.ide.mcu.externaltools.gnu-tools-for-stm32.12.3.rel1.win32_1.0.200.202406191623/tools/bin/../lib/gcc/arm-none-eabi/12.3.1/thumb/v6-m/nofp\libgcc.a(_arm_cmpdf2.o)
                0x080011c4                __aeabi_cdrcmple
                0x080011d4                __aeabi_cdcmple
                0x080011d4                __aeabi_cdcmpeq
                0x080011e4                __aeabi_dcmpeq
                0x080011f0                __aeabi_dcmplt
                0x08001204                __aeabi_dcmple
                0x08001218                __aeabi_dcmpgt
                0x0800122c                __aeabi_dcmpge
 .text          0x08001240       0x3c D:/ST/STM32CubeIDE_1.16.1/STM32CubeIDE/plugins/com.st.stm32cube.ide.mcu.externaltools.gnu-tools-for-stm32.12.3.rel1.win32_1.0.200.202406191623/tools/bin/../lib/gcc/arm-none-eabi/12.3.1/thumb/v6-m/nofp\libgcc.a(_clzsi2.o)
                0x08001240                __clzsi2
 .text          0x0800127c       0x88 D:/ST/STM32CubeIDE_1.16.1/STM32CubeIDE/plugins/com.st.stm32cube.ide.mcu.externaltools.gnu-tools-for-stm32.12.3.rel1.win32_1.0.200.202406191623/tools/bin/../lib/gcc/arm-none-eabi/12.3.1/thumb/v6-m/nofp\libgcc.a(eqdf2.o)
                0x0800127c                __nedf2
                0x0800127c                __eqdf2
 .text          0x08001304       0xe8 D:/ST/STM32CubeIDE_1.16.1/STM32CubeIDE/plugins/com.st.stm32cube.ide.mcu.externaltools.gnu-tools-for-stm32.12.3.rel1.win32_1.0.200.202406191623/tools/bin/../lib/gcc/arm-none-eabi/12.3.1/thumb/v6-m/nofp\libgcc.a(gedf2.o)
                0x08001304                __gedf2
                0x08001304                __gtdf2
 .text          0x080013ec       0xe4 D:/ST/STM32CubeIDE_1.16.1/STM32CubeIDE/plugins/com.st.stm32cube.ide.mcu.externaltools.gnu-tools-for-stm32.12.3.rel1.win32_1.0.200.202406191623/tools/bin/../lib/gcc/arm-none-eabi/12.3.1/thumb/v6-m/nofp\libgcc.a(ledf2.o)
                0x080013ec                __ledf2
                0x080013ec                __ltdf2
 *(.text*)
 .text.VL53L1X_ClearInterrupt
                0x080014d0        0xe ./Core/Inc/VL53L1X/core/VL53L1X_api.o
                0x080014d0                VL53L1X_ClearInterrupt
 .text.VL53L1X_SetInterruptPolarity
                0x080014de       0x34 ./Core/Inc/VL53L1X/core/VL53L1X_api.o
                0x080014de                VL53L1X_SetInterruptPolarity
 .text.VL53L1X_GetInterruptPolarity
                0x08001512       0x1e ./Core/Inc/VL53L1X/core/VL53L1X_api.o
                0x08001512                VL53L1X_GetInterruptPolarity
 .text.VL53L1X_StartRanging
                0x08001530        0xe ./Core/Inc/VL53L1X/core/VL53L1X_api.o
                0x08001530                VL53L1X_StartRanging
 .text.VL53L1X_StopRanging
                0x0800153e        0xe ./Core/Inc/VL53L1X/core/VL53L1X_api.o
                0x0800153e                VL53L1X_StopRanging
 .text.VL53L1X_CheckForDataReady
                0x0800154c       0x42 ./Core/Inc/VL53L1X/core/VL53L1X_api.o
                0x0800154c                VL53L1X_CheckForDataReady
 *fill*         0x0800158e        0x2 
 .text.VL53L1X_SensorInit
                0x08001590       0x94 ./Core/Inc/VL53L1X/core/VL53L1X_api.o
                0x08001590                VL53L1X_SensorInit
 .text.VL53L1X_GetTimingBudgetInMs
                0x08001624       0x98 ./Core/Inc/VL53L1X/core/VL53L1X_api.o
                0x08001624                VL53L1X_GetTimingBudgetInMs
 .text.VL53L1X_GetDistanceMode
                0x080016bc       0x26 ./Core/Inc/VL53L1X/core/VL53L1X_api.o
                0x080016bc                VL53L1X_GetDistanceMode
 *fill*         0x080016e2        0x2 
 .text.VL53L1X_SetTimingBudgetInMs
                0x080016e4      0x134 ./Core/Inc/VL53L1X/core/VL53L1X_api.o
                0x080016e4                VL53L1X_SetTimingBudgetInMs
 .text.VL53L1X_SetDistanceMode
                0x08001818       0xb4 ./Core/Inc/VL53L1X/core/VL53L1X_api.o
                0x08001818                VL53L1X_SetDistanceMode
 .text.VL53L1X_SetInterMeasurementInMs
                0x080018cc       0x48 ./Core/Inc/VL53L1X/core/VL53L1X_api.o
                0x080018cc                VL53L1X_SetInterMeasurementInMs
 .text.VL53L1X_BootState
                0x08001914       0x1c ./Core/Inc/VL53L1X/core/VL53L1X_api.o
                0x08001914                VL53L1X_BootState
 .text.VL53L1X_GetDistance
                0x08001930       0x18 ./Core/Inc/VL53L1X/core/VL53L1X_api.o
                0x08001930                VL53L1X_GetDistance
 .text._I2CWrite
                0x08001948       0x1c ./Core/Inc/VL53L1X/platform/vl53l1_platform.o
                0x08001948                _I2CWrite
 .text._I2CRead
                0x08001964       0x1c ./Core/Inc/VL53L1X/platform/vl53l1_platform.o
                0x08001964                _I2CRead
 .text.VL53L1_WrByte
                0x08001980       0x24 ./Core/Inc/VL53L1X/platform/vl53l1_platform.o
                0x08001980                VL53L1_WrByte
 .text.VL53L1_WrWord
                0x080019a4       0x28 ./Core/Inc/VL53L1X/platform/vl53l1_platform.o
                0x080019a4                VL53L1_WrWord
 .text.VL53L1_WrDWord
                0x080019cc       0x30 ./Core/Inc/VL53L1X/platform/vl53l1_platform.o
                0x080019cc                VL53L1_WrDWord
 .text.VL53L1_RdByte
                0x080019fc       0x34 ./Core/Inc/VL53L1X/platform/vl53l1_platform.o
                0x080019fc                VL53L1_RdByte
 .text.VL53L1_RdWord
                0x08001a30       0x40 ./Core/Inc/VL53L1X/platform/vl53l1_platform.o
                0x08001a30                VL53L1_RdWord
 .text.VL53L1_WaitMs
                0x08001a70        0xc ./Core/Inc/VL53L1X/platform/vl53l1_platform.o
                0x08001a70                VL53L1_WaitMs
 .text.vl53_Init
                0x08001a7c       0x68 ./Core/Inc/VL53L1X/vl53l1x.o
                0x08001a7c                vl53_Init
 .text.vl53_GetDistance
                0x08001ae4       0x64 ./Core/Inc/VL53L1X/vl53l1x.o
                0x08001ae4                vl53_GetDistance
 .text.crc_accumulate
                0x08001b48       0x1e ./Core/Src/Adapter/massage_adapter.o
 .text.mavlink_msg_to_send_buffer
                0x08001b66       0x24 ./Core/Src/Adapter/massage_adapter.o
 *fill*         0x08001b8a        0x2 
 .text.mavlink_finalize_message.isra.0
                0x08001b8c       0x84 ./Core/Src/Adapter/massage_adapter.o
 .text.send_optical_flow
                0x08001c10       0x98 ./Core/Src/Adapter/massage_adapter.o
                0x08001c10                send_optical_flow
 .text.send_distance_sensor
                0x08001ca8       0x84 ./Core/Src/Adapter/massage_adapter.o
                0x08001ca8                send_distance_sensor
 .text.send_heart_beat
                0x08001d2c       0x70 ./Core/Src/Adapter/massage_adapter.o
                0x08001d2c                send_heart_beat
 .text.PMW3901_ReadReg
                0x08001d9c       0x5c ./Core/Src/PMW3901MB/pmw_3901.o
                0x08001d9c                PMW3901_ReadReg
 .text.PMW3901_WriteReg
                0x08001df8       0x50 ./Core/Src/PMW3901MB/pmw_3901.o
                0x08001df8                PMW3901_WriteReg
 .text.PMW3901_Performance_Optimization
                0x08001e48      0x340 ./Core/Src/PMW3901MB/pmw_3901.o
                0x08001e48                PMW3901_Performance_Optimization
 .text.PMW3901_init
                0x08002188       0x7c ./Core/Src/PMW3901MB/pmw_3901.o
                0x08002188                PMW3901_init
 .text.pollingMotion
                0x08002204       0xac ./Core/Src/PMW3901MB/pmw_3901.o
                0x08002204                pollingMotion
 .text.HAL_TIM_PeriodElapsedCallback
                0x080022b0       0x18 ./Core/Src/main.o
                0x080022b0                HAL_TIM_PeriodElapsedCallback
 .text.SystemClock_Config
                0x080022c8       0x76 ./Core/Src/main.o
                0x080022c8                SystemClock_Config
 *fill*         0x0800233e        0x2 
 .text.startup.main
                0x08002340      0x1c4 ./Core/Src/main.o
                0x08002340                main
 .text.HAL_MspInit
                0x08002504       0x30 ./Core/Src/stm32g0xx_hal_msp.o
                0x08002504                HAL_MspInit
 .text.HAL_I2C_MspInit
                0x08002534       0x60 ./Core/Src/stm32g0xx_hal_msp.o
                0x08002534                HAL_I2C_MspInit
 .text.HAL_SPI_MspInit
                0x08002594       0x5c ./Core/Src/stm32g0xx_hal_msp.o
                0x08002594                HAL_SPI_MspInit
 .text.HAL_TIM_Base_MspInit
                0x080025f0       0x38 ./Core/Src/stm32g0xx_hal_msp.o
                0x080025f0                HAL_TIM_Base_MspInit
 .text.HAL_UART_MspInit
                0x08002628       0x5c ./Core/Src/stm32g0xx_hal_msp.o
                0x08002628                HAL_UART_MspInit
 .text.NMI_Handler
                0x08002684        0x2 ./Core/Src/stm32g0xx_it.o
                0x08002684                NMI_Handler
 .text.HardFault_Handler
                0x08002686        0x2 ./Core/Src/stm32g0xx_it.o
                0x08002686                HardFault_Handler
 .text.SVC_Handler
                0x08002688        0x2 ./Core/Src/stm32g0xx_it.o
                0x08002688                SVC_Handler
 .text.PendSV_Handler
                0x0800268a        0x2 ./Core/Src/stm32g0xx_it.o
                0x0800268a                PendSV_Handler
 .text.SysTick_Handler
                0x0800268c        0x8 ./Core/Src/stm32g0xx_it.o
                0x0800268c                SysTick_Handler
 .text.TIM14_IRQHandler
                0x08002694       0x10 ./Core/Src/stm32g0xx_it.o
                0x08002694                TIM14_IRQHandler
 .text.SystemInit
                0x080026a4        0x2 ./Core/Src/system_stm32g0xx.o
                0x080026a4                SystemInit
 *fill*         0x080026a6        0x2 
 .text.Reset_Handler
                0x080026a8       0x50 ./Core/Startup/startup_stm32g030f6px.o
                0x080026a8                Reset_Handler
 .text.Default_Handler
                0x080026f8        0x2 ./Core/Startup/startup_stm32g030f6px.o
                0x080026f8                TIM1_CC_IRQHandler
                0x080026f8                I2C1_IRQHandler
                0x080026f8                RTC_TAMP_IRQHandler
                0x080026f8                SPI1_IRQHandler
                0x080026f8                DMA1_Ch4_5_DMAMUX1_OVR_IRQHandler
                0x080026f8                EXTI2_3_IRQHandler
                0x080026f8                ADC1_IRQHandler
                0x080026f8                I2C2_IRQHandler
                0x080026f8                TIM17_IRQHandler
                0x080026f8                TIM16_IRQHandler
                0x080026f8                TIM3_IRQHandler
                0x080026f8                EXTI4_15_IRQHandler
                0x080026f8                RCC_IRQHandler
                0x080026f8                DMA1_Channel1_IRQHandler
                0x080026f8                Default_Handler
                0x080026f8                EXTI0_1_IRQHandler
                0x080026f8                SPI2_IRQHandler
                0x080026f8                WWDG_IRQHandler
                0x080026f8                DMA1_Channel2_3_IRQHandler
                0x080026f8                USART2_IRQHandler
                0x080026f8                FLASH_IRQHandler
                0x080026f8                USART1_IRQHandler
                0x080026f8                TIM1_BRK_UP_TRG_COM_IRQHandler
 *fill*         0x080026fa        0x2 
 .text.HAL_InitTick
                0x080026fc       0x50 ./Drivers/STM32G0xx_HAL_Driver/Src/stm32g0xx_hal.o
                0x080026fc                HAL_InitTick
 .text.HAL_Init
                0x0800274c       0x28 ./Drivers/STM32G0xx_HAL_Driver/Src/stm32g0xx_hal.o
                0x0800274c                HAL_Init
 .text.HAL_IncTick
                0x08002774       0x18 ./Drivers/STM32G0xx_HAL_Driver/Src/stm32g0xx_hal.o
                0x08002774                HAL_IncTick
 .text.HAL_GetTick
                0x0800278c        0xc ./Drivers/STM32G0xx_HAL_Driver/Src/stm32g0xx_hal.o
                0x0800278c                HAL_GetTick
 .text.HAL_Delay
                0x08002798       0x24 ./Drivers/STM32G0xx_HAL_Driver/Src/stm32g0xx_hal.o
                0x08002798                HAL_Delay
 .text.HAL_NVIC_SetPriority
                0x080027bc       0x54 ./Drivers/STM32G0xx_HAL_Driver/Src/stm32g0xx_hal_cortex.o
                0x080027bc                HAL_NVIC_SetPriority
 .text.HAL_NVIC_EnableIRQ
                0x08002810       0x18 ./Drivers/STM32G0xx_HAL_Driver/Src/stm32g0xx_hal_cortex.o
                0x08002810                HAL_NVIC_EnableIRQ
 .text.HAL_SYSTICK_Config
                0x08002828       0x34 ./Drivers/STM32G0xx_HAL_Driver/Src/stm32g0xx_hal_cortex.o
                0x08002828                HAL_SYSTICK_Config
 .text.HAL_GPIO_Init
                0x0800285c      0x164 ./Drivers/STM32G0xx_HAL_Driver/Src/stm32g0xx_hal_gpio.o
                0x0800285c                HAL_GPIO_Init
 .text.HAL_GPIO_WritePin
                0x080029c0        0xc ./Drivers/STM32G0xx_HAL_Driver/Src/stm32g0xx_hal_gpio.o
                0x080029c0                HAL_GPIO_WritePin
 .text.I2C_Flush_TXDR
                0x080029cc       0x1c ./Drivers/STM32G0xx_HAL_Driver/Src/stm32g0xx_hal_i2c.o
 .text.I2C_TransferConfig
                0x080029e8       0x2c ./Drivers/STM32G0xx_HAL_Driver/Src/stm32g0xx_hal_i2c.o
 .text.I2C_IsErrorOccurred
                0x08002a14       0xfc ./Drivers/STM32G0xx_HAL_Driver/Src/stm32g0xx_hal_i2c.o
 .text.I2C_WaitOnTXISFlagUntilTimeout
                0x08002b10       0x5c ./Drivers/STM32G0xx_HAL_Driver/Src/stm32g0xx_hal_i2c.o
 .text.I2C_WaitOnFlagUntilTimeout
                0x08002b6c       0x6e ./Drivers/STM32G0xx_HAL_Driver/Src/stm32g0xx_hal_i2c.o
 .text.I2C_WaitOnSTOPFlagUntilTimeout
                0x08002bda       0x54 ./Drivers/STM32G0xx_HAL_Driver/Src/stm32g0xx_hal_i2c.o
 *fill*         0x08002c2e        0x2 
 .text.I2C_WaitOnRXNEFlagUntilTimeout
                0x08002c30       0xa0 ./Drivers/STM32G0xx_HAL_Driver/Src/stm32g0xx_hal_i2c.o
 .text.HAL_I2C_Init
                0x08002cd0       0xbc ./Drivers/STM32G0xx_HAL_Driver/Src/stm32g0xx_hal_i2c.o
                0x08002cd0                HAL_I2C_Init
 .text.HAL_I2C_Master_Transmit
                0x08002d8c      0x140 ./Drivers/STM32G0xx_HAL_Driver/Src/stm32g0xx_hal_i2c.o
                0x08002d8c                HAL_I2C_Master_Transmit
 .text.HAL_I2C_Master_Receive
                0x08002ecc      0x11c ./Drivers/STM32G0xx_HAL_Driver/Src/stm32g0xx_hal_i2c.o
                0x08002ecc                HAL_I2C_Master_Receive
 .text.HAL_I2CEx_ConfigAnalogFilter
                0x08002fe8       0x4c ./Drivers/STM32G0xx_HAL_Driver/Src/stm32g0xx_hal_i2c_ex.o
                0x08002fe8                HAL_I2CEx_ConfigAnalogFilter
 .text.HAL_I2CEx_ConfigDigitalFilter
                0x08003034       0x48 ./Drivers/STM32G0xx_HAL_Driver/Src/stm32g0xx_hal_i2c_ex.o
                0x08003034                HAL_I2CEx_ConfigDigitalFilter
 .text.HAL_PWREx_ControlVoltageScaling
                0x0800307c       0x58 ./Drivers/STM32G0xx_HAL_Driver/Src/stm32g0xx_hal_pwr_ex.o
                0x0800307c                HAL_PWREx_ControlVoltageScaling
 .text.HAL_RCC_OscConfig
                0x080030d4      0x438 ./Drivers/STM32G0xx_HAL_Driver/Src/stm32g0xx_hal_rcc.o
                0x080030d4                HAL_RCC_OscConfig
 .text.HAL_RCC_GetSysClockFreq
                0x0800350c       0x88 ./Drivers/STM32G0xx_HAL_Driver/Src/stm32g0xx_hal_rcc.o
                0x0800350c                HAL_RCC_GetSysClockFreq
 .text.HAL_RCC_ClockConfig
                0x08003594      0x15c ./Drivers/STM32G0xx_HAL_Driver/Src/stm32g0xx_hal_rcc.o
                0x08003594                HAL_RCC_ClockConfig
 .text.HAL_RCC_GetPCLK1Freq
                0x080036f0       0x28 ./Drivers/STM32G0xx_HAL_Driver/Src/stm32g0xx_hal_rcc.o
                0x080036f0                HAL_RCC_GetPCLK1Freq
 .text.SPI_WaitFlagStateUntilTimeout.constprop.0
                0x08003718       0xb8 ./Drivers/STM32G0xx_HAL_Driver/Src/stm32g0xx_hal_spi.o
 .text.SPI_WaitFifoStateUntilTimeout.constprop.0
                0x080037d0       0xd8 ./Drivers/STM32G0xx_HAL_Driver/Src/stm32g0xx_hal_spi.o
 .text.SPI_EndRxTransaction
                0x080038a8       0x7a ./Drivers/STM32G0xx_HAL_Driver/Src/stm32g0xx_hal_spi.o
 .text.SPI_EndRxTxTransaction
                0x08003922       0x46 ./Drivers/STM32G0xx_HAL_Driver/Src/stm32g0xx_hal_spi.o
 .text.HAL_SPI_Init
                0x08003968       0xf0 ./Drivers/STM32G0xx_HAL_Driver/Src/stm32g0xx_hal_spi.o
                0x08003968                HAL_SPI_Init
 .text.HAL_SPI_Transmit
                0x08003a58      0x184 ./Drivers/STM32G0xx_HAL_Driver/Src/stm32g0xx_hal_spi.o
                0x08003a58                HAL_SPI_Transmit
 .text.HAL_SPI_TransmitReceive
                0x08003bdc      0x214 ./Drivers/STM32G0xx_HAL_Driver/Src/stm32g0xx_hal_spi.o
                0x08003bdc                HAL_SPI_TransmitReceive
 .text.HAL_SPI_Receive
                0x08003df0      0x180 ./Drivers/STM32G0xx_HAL_Driver/Src/stm32g0xx_hal_spi.o
                0x08003df0                HAL_SPI_Receive
 .text.HAL_TIM_Base_Start_IT
                0x08003f70       0x58 ./Drivers/STM32G0xx_HAL_Driver/Src/stm32g0xx_hal_tim.o
                0x08003f70                HAL_TIM_Base_Start_IT
 .text.HAL_TIM_OC_DelayElapsedCallback
                0x08003fc8        0x2 ./Drivers/STM32G0xx_HAL_Driver/Src/stm32g0xx_hal_tim.o
                0x08003fc8                HAL_TIM_OC_DelayElapsedCallback
 .text.HAL_TIM_IC_CaptureCallback
                0x08003fca        0x2 ./Drivers/STM32G0xx_HAL_Driver/Src/stm32g0xx_hal_tim.o
                0x08003fca                HAL_TIM_IC_CaptureCallback
 .text.HAL_TIM_PWM_PulseFinishedCallback
                0x08003fcc        0x2 ./Drivers/STM32G0xx_HAL_Driver/Src/stm32g0xx_hal_tim.o
                0x08003fcc                HAL_TIM_PWM_PulseFinishedCallback
 .text.HAL_TIM_TriggerCallback
                0x08003fce        0x2 ./Drivers/STM32G0xx_HAL_Driver/Src/stm32g0xx_hal_tim.o
                0x08003fce                HAL_TIM_TriggerCallback
 .text.HAL_TIM_IRQHandler
                0x08003fd0      0x158 ./Drivers/STM32G0xx_HAL_Driver/Src/stm32g0xx_hal_tim.o
                0x08003fd0                HAL_TIM_IRQHandler
 .text.TIM_Base_SetConfig
                0x08004128       0x8c ./Drivers/STM32G0xx_HAL_Driver/Src/stm32g0xx_hal_tim.o
                0x08004128                TIM_Base_SetConfig
 .text.HAL_TIM_Base_Init
                0x080041b4       0x54 ./Drivers/STM32G0xx_HAL_Driver/Src/stm32g0xx_hal_tim.o
                0x080041b4                HAL_TIM_Base_Init
 .text.HAL_TIMEx_CommutCallback
                0x08004208        0x2 ./Drivers/STM32G0xx_HAL_Driver/Src/stm32g0xx_hal_tim_ex.o
                0x08004208                HAL_TIMEx_CommutCallback
 .text.HAL_TIMEx_BreakCallback
                0x0800420a        0x2 ./Drivers/STM32G0xx_HAL_Driver/Src/stm32g0xx_hal_tim_ex.o
                0x0800420a                HAL_TIMEx_BreakCallback
 .text.HAL_TIMEx_Break2Callback
                0x0800420c        0x2 ./Drivers/STM32G0xx_HAL_Driver/Src/stm32g0xx_hal_tim_ex.o
                0x0800420c                HAL_TIMEx_Break2Callback
 *fill*         0x0800420e        0x2 
 .text.UART_EndRxTransfer
                0x08004210       0x64 ./Drivers/STM32G0xx_HAL_Driver/Src/stm32g0xx_hal_uart.o
 .text.UART_SetConfig
                0x08004274      0x168 ./Drivers/STM32G0xx_HAL_Driver/Src/stm32g0xx_hal_uart.o
                0x08004274                UART_SetConfig
 .text.UART_AdvFeatureConfig
                0x080043dc       0xd0 ./Drivers/STM32G0xx_HAL_Driver/Src/stm32g0xx_hal_uart.o
                0x080043dc                UART_AdvFeatureConfig
 .text.UART_WaitOnFlagUntilTimeout
                0x080044ac       0x92 ./Drivers/STM32G0xx_HAL_Driver/Src/stm32g0xx_hal_uart.o
                0x080044ac                UART_WaitOnFlagUntilTimeout
 .text.HAL_UART_Transmit
                0x0800453e       0xd4 ./Drivers/STM32G0xx_HAL_Driver/Src/stm32g0xx_hal_uart.o
                0x0800453e                HAL_UART_Transmit
 *fill*         0x08004612        0x2 
 .text.UART_CheckIdleState
                0x08004614       0xc8 ./Drivers/STM32G0xx_HAL_Driver/Src/stm32g0xx_hal_uart.o
                0x08004614                UART_CheckIdleState
 .text.HAL_UART_Init
                0x080046dc       0x68 ./Drivers/STM32G0xx_HAL_Driver/Src/stm32g0xx_hal_uart.o
                0x080046dc                HAL_UART_Init
 .text.memset   0x08004744       0x10 D:/ST/STM32CubeIDE_1.16.1/STM32CubeIDE/plugins/com.st.stm32cube.ide.mcu.externaltools.gnu-tools-for-stm32.12.3.rel1.win32_1.0.200.202406191623/tools/bin/../lib/gcc/arm-none-eabi/12.3.1/../../../../arm-none-eabi/lib/thumb/v6-m/nofp\libc_nano.a(libc_a-memset.o)
                0x08004744                memset
 .text.__libc_init_array
                0x08004754       0x48 D:/ST/STM32CubeIDE_1.16.1/STM32CubeIDE/plugins/com.st.stm32cube.ide.mcu.externaltools.gnu-tools-for-stm32.12.3.rel1.win32_1.0.200.202406191623/tools/bin/../lib/gcc/arm-none-eabi/12.3.1/../../../../arm-none-eabi/lib/thumb/v6-m/nofp\libc_nano.a(libc_a-init.o)
                0x08004754                __libc_init_array
 .text.memcpy   0x0800479c       0x12 D:/ST/STM32CubeIDE_1.16.1/STM32CubeIDE/plugins/com.st.stm32cube.ide.mcu.externaltools.gnu-tools-for-stm32.12.3.rel1.win32_1.0.200.202406191623/tools/bin/../lib/gcc/arm-none-eabi/12.3.1/../../../../arm-none-eabi/lib/thumb/v6-m/nofp\libc_nano.a(libc_a-memcpy-stub.o)
                0x0800479c                memcpy
 *(.glue_7)
 .glue_7        0x080047ae        0x0 linker stubs
 *(.glue_7t)
 .glue_7t       0x080047ae        0x0 linker stubs
 *(.eh_frame)
 *fill*         0x080047ae        0x2 
 .eh_frame      0x080047b0        0x0 D:/ST/STM32CubeIDE_1.16.1/STM32CubeIDE/plugins/com.st.stm32cube.ide.mcu.externaltools.gnu-tools-for-stm32.12.3.rel1.win32_1.0.200.202406191623/tools/bin/../lib/gcc/arm-none-eabi/12.3.1/thumb/v6-m/nofp/crtbegin.o
 *(.init)
 .init          0x080047b0        0x4 D:/ST/STM32CubeIDE_1.16.1/STM32CubeIDE/plugins/com.st.stm32cube.ide.mcu.externaltools.gnu-tools-for-stm32.12.3.rel1.win32_1.0.200.202406191623/tools/bin/../lib/gcc/arm-none-eabi/12.3.1/thumb/v6-m/nofp/crti.o
                0x080047b0                _init
 .init          0x080047b4        0x8 D:/ST/STM32CubeIDE_1.16.1/STM32CubeIDE/plugins/com.st.stm32cube.ide.mcu.externaltools.gnu-tools-for-stm32.12.3.rel1.win32_1.0.200.202406191623/tools/bin/../lib/gcc/arm-none-eabi/12.3.1/thumb/v6-m/nofp/crtn.o
 *(.fini)
 .fini          0x080047bc        0x4 D:/ST/STM32CubeIDE_1.16.1/STM32CubeIDE/plugins/com.st.stm32cube.ide.mcu.externaltools.gnu-tools-for-stm32.12.3.rel1.win32_1.0.200.202406191623/tools/bin/../lib/gcc/arm-none-eabi/12.3.1/thumb/v6-m/nofp/crti.o
                0x080047bc                _fini
 .fini          0x080047c0        0x8 D:/ST/STM32CubeIDE_1.16.1/STM32CubeIDE/plugins/com.st.stm32cube.ide.mcu.externaltools.gnu-tools-for-stm32.12.3.rel1.win32_1.0.200.202406191623/tools/bin/../lib/gcc/arm-none-eabi/12.3.1/thumb/v6-m/nofp/crtn.o
                0x080047c8                        . = ALIGN (0x4)
                0x080047c8                        _etext = .

.vfp11_veneer   0x080047c8        0x0
 .vfp11_veneer  0x080047c8        0x0 linker stubs

.v4_bx          0x080047c8        0x0
 .v4_bx         0x080047c8        0x0 linker stubs

.iplt           0x080047c8        0x0
 .iplt          0x080047c8        0x0 D:/ST/STM32CubeIDE_1.16.1/STM32CubeIDE/plugins/com.st.stm32cube.ide.mcu.externaltools.gnu-tools-for-stm32.12.3.rel1.win32_1.0.200.202406191623/tools/bin/../lib/gcc/arm-none-eabi/12.3.1/thumb/v6-m/nofp/crtbegin.o

.rodata         0x080047c8       0xd8
                0x080047c8                        . = ALIGN (0x4)
 *(.rodata)
 *(.rodata*)
 .rodata.VL51L1X_DEFAULT_CONFIGURATION
                0x080047c8       0x5b ./Core/Inc/VL53L1X/core/VL53L1X_api.o
                0x080047c8                VL51L1X_DEFAULT_CONFIGURATION
 *fill*         0x08004823        0x1 
 .rodata.APBPrescTable
                0x08004824       0x20 ./Core/Src/system_stm32g0xx.o
                0x08004824                APBPrescTable
 .rodata.AHBPrescTable
                0x08004844       0x40 ./Core/Src/system_stm32g0xx.o
                0x08004844                AHBPrescTable
 .rodata.CSWTCH.66
                0x08004884        0x3 ./Drivers/STM32G0xx_HAL_Driver/Src/stm32g0xx_hal_uart.o
 *fill*         0x08004887        0x1 
 .rodata.UARTPrescTable
                0x08004888       0x18 ./Drivers/STM32G0xx_HAL_Driver/Src/stm32g0xx_hal_uart.o
                0x08004888                UARTPrescTable
                0x080048a0                        . = ALIGN (0x4)

.ARM.extab      0x080048a0        0x0
                0x080048a0                        . = ALIGN (0x4)
 *(.ARM.extab* .gnu.linkonce.armextab.*)
                0x080048a0                        . = ALIGN (0x4)

.ARM            0x080048a0        0x0
                0x080048a0                        . = ALIGN (0x4)
                0x080048a0                        __exidx_start = .
 *(.ARM.exidx*)
                0x080048a0                        __exidx_end = .
                0x080048a0                        . = ALIGN (0x4)

.preinit_array  0x080048a0        0x0
                0x080048a0                        . = ALIGN (0x4)
                0x080048a0                        PROVIDE (__preinit_array_start = .)
 *(.preinit_array*)
                0x080048a0                        PROVIDE (__preinit_array_end = .)
                0x080048a0                        . = ALIGN (0x4)

.init_array     0x080048a0        0x4
                0x080048a0                        . = ALIGN (0x4)
                0x080048a0                        PROVIDE (__init_array_start = .)
 *(SORT_BY_NAME(.init_array.*))
 *(.init_array*)
 .init_array    0x080048a0        0x4 D:/ST/STM32CubeIDE_1.16.1/STM32CubeIDE/plugins/com.st.stm32cube.ide.mcu.externaltools.gnu-tools-for-stm32.12.3.rel1.win32_1.0.200.202406191623/tools/bin/../lib/gcc/arm-none-eabi/12.3.1/thumb/v6-m/nofp/crtbegin.o
                0x080048a4                        PROVIDE (__init_array_end = .)
                0x080048a4                        . = ALIGN (0x4)

.fini_array     0x080048a4        0x4
                0x080048a4                        . = ALIGN (0x4)
                [!provide]                        PROVIDE (__fini_array_start = .)
 *(SORT_BY_NAME(.fini_array.*))
 *(.fini_array*)
 .fini_array    0x080048a4        0x4 D:/ST/STM32CubeIDE_1.16.1/STM32CubeIDE/plugins/com.st.stm32cube.ide.mcu.externaltools.gnu-tools-for-stm32.12.3.rel1.win32_1.0.200.202406191623/tools/bin/../lib/gcc/arm-none-eabi/12.3.1/thumb/v6-m/nofp/crtbegin.o
                [!provide]                        PROVIDE (__fini_array_end = .)
                0x080048a8                        . = ALIGN (0x4)
                0x080048a8                        _sidata = LOADADDR (.data)

.rel.dyn        0x080048a8        0x0
 .rel.iplt      0x080048a8        0x0 D:/ST/STM32CubeIDE_1.16.1/STM32CubeIDE/plugins/com.st.stm32cube.ide.mcu.externaltools.gnu-tools-for-stm32.12.3.rel1.win32_1.0.200.202406191623/tools/bin/../lib/gcc/arm-none-eabi/12.3.1/thumb/v6-m/nofp/crtbegin.o

.data           0x20000000       0x10 load address 0x080048a8
                0x20000000                        . = ALIGN (0x4)
                0x20000000                        _sdata = .
 *(.data)
 *(.data*)
 .data.dev      0x20000000        0x1 ./Core/Inc/VL53L1X/vl53l1x.o
                0x20000000                dev
 .data.COMPONENT_ID
                0x20000001        0x1 ./Core/Src/Adapter/massage_adapter.o
                0x20000001                COMPONENT_ID
 .data.SYSTEM_ID
                0x20000002        0x1 ./Core/Src/Adapter/massage_adapter.o
                0x20000002                SYSTEM_ID
 *fill*         0x20000003        0x1 
 .data.SystemCoreClock
                0x20000004        0x4 ./Core/Src/system_stm32g0xx.o
                0x20000004                SystemCoreClock
 .data.uwTickFreq
                0x20000008        0x1 ./Drivers/STM32G0xx_HAL_Driver/Src/stm32g0xx_hal.o
                0x20000008                uwTickFreq
 *fill*         0x20000009        0x3 
 .data.uwTickPrio
                0x2000000c        0x4 ./Drivers/STM32G0xx_HAL_Driver/Src/stm32g0xx_hal.o
                0x2000000c                uwTickPrio
 *(.RamFunc)
 *(.RamFunc*)
                0x20000010                        . = ALIGN (0x4)
                0x20000010                        _edata = .

.igot.plt       0x20000010        0x0 load address 0x080048b8
 .igot.plt      0x20000010        0x0 D:/ST/STM32CubeIDE_1.16.1/STM32CubeIDE/plugins/com.st.stm32cube.ide.mcu.externaltools.gnu-tools-for-stm32.12.3.rel1.win32_1.0.200.202406191623/tools/bin/../lib/gcc/arm-none-eabi/12.3.1/thumb/v6-m/nofp/crtbegin.o
                0x20000010                        . = ALIGN (0x4)

.bss            0x20000010      0x360 load address 0x080048b8
                0x20000010                        _sbss = .
                0x20000010                        __bss_start__ = _sbss
 *(.bss)
 .bss           0x20000010       0x1c D:/ST/STM32CubeIDE_1.16.1/STM32CubeIDE/plugins/com.st.stm32cube.ide.mcu.externaltools.gnu-tools-for-stm32.12.3.rel1.win32_1.0.200.202406191623/tools/bin/../lib/gcc/arm-none-eabi/12.3.1/thumb/v6-m/nofp/crtbegin.o
 *(.bss*)
 .bss._I2CBuffer
                0x2000002c      0x100 ./Core/Inc/VL53L1X/platform/vl53l1_platform.o
                0x2000002c                _I2CBuffer
 .bss.status    0x2000012c        0x1 ./Core/Inc/VL53L1X/vl53l1x.o
                0x2000012c                status
 *fill*         0x2000012d        0x1 
 .bss.timeout_counter
                0x2000012e        0x2 ./Core/Inc/VL53L1X/vl53l1x.o
                0x2000012e                timeout_counter
 .bss.dataReady
                0x20000130        0x1 ./Core/Inc/VL53L1X/vl53l1x.o
                0x20000130                dataReady
 *fill*         0x20000131        0x1 
 .bss.Distance  0x20000132        0x2 ./Core/Inc/VL53L1X/vl53l1x.o
                0x20000132                Distance
 .bss.sensorState
                0x20000134        0x1 ./Core/Inc/VL53L1X/vl53l1x.o
                0x20000134                sensorState
 *fill*         0x20000135        0x1 
 .bss.m_mavlink_status.0
                0x20000136       0x30 ./Core/Src/Adapter/massage_adapter.o
 .bss.last_q.0  0x20000166        0x1 ./Core/Src/PMW3901MB/pmw_3901.o
 *fill*         0x20000167        0x1 
 .bss.last_y.1  0x20000168        0x2 ./Core/Src/PMW3901MB/pmw_3901.o
 .bss.last_x.2  0x2000016a        0x2 ./Core/Src/PMW3901MB/pmw_3901.o
 .bss.pmw_delay_time
                0x2000016c        0x1 ./Core/Src/PMW3901MB/pmw_3901.o
                0x2000016c                pmw_delay_time
 *fill*         0x2000016d        0x3 
 .bss.pmw_spi   0x20000170       0x64 ./Core/Src/PMW3901MB/pmw_3901.o
                0x20000170                pmw_spi
 .bss.huart2    0x200001d4       0x94 ./Core/Src/main.o
                0x200001d4                huart2
 .bss.htim14    0x20000268       0x4c ./Core/Src/main.o
                0x20000268                htim14
 .bss.hspi1     0x200002b4       0x64 ./Core/Src/main.o
                0x200002b4                hspi1
 .bss.hi2c2     0x20000318       0x54 ./Core/Src/main.o
                0x20000318                hi2c2
 .bss.uwTick    0x2000036c        0x4 ./Drivers/STM32G0xx_HAL_Driver/Src/stm32g0xx_hal.o
                0x2000036c                uwTick
 *(COMMON)
                0x20000370                        . = ALIGN (0x4)
                0x20000370                        _ebss = .
                0x20000370                        __bss_end__ = _ebss

._user_heap_stack
                0x20000370      0x600 load address 0x080048b8
                0x20000370                        . = ALIGN (0x8)
                [!provide]                        PROVIDE (end = .)
                0x20000370                        PROVIDE (_end = .)
                0x20000570                        . = (. + _Min_Heap_Size)
 *fill*         0x20000370      0x200 
                0x20000970                        . = (. + _Min_Stack_Size)
 *fill*         0x20000570      0x400 
                0x20000970                        . = ALIGN (0x8)

/DISCARD/
 libc.a(*)
 libm.a(*)
 libgcc.a(*)

.ARM.attributes
                0x00000000       0x28
 *(.ARM.attributes)
 .ARM.attributes
                0x00000000       0x1e D:/ST/STM32CubeIDE_1.16.1/STM32CubeIDE/plugins/com.st.stm32cube.ide.mcu.externaltools.gnu-tools-for-stm32.12.3.rel1.win32_1.0.200.202406191623/tools/bin/../lib/gcc/arm-none-eabi/12.3.1/thumb/v6-m/nofp/crti.o
 .ARM.attributes
                0x0000001e       0x2c D:/ST/STM32CubeIDE_1.16.1/STM32CubeIDE/plugins/com.st.stm32cube.ide.mcu.externaltools.gnu-tools-for-stm32.12.3.rel1.win32_1.0.200.202406191623/tools/bin/../lib/gcc/arm-none-eabi/12.3.1/thumb/v6-m/nofp/crtbegin.o
 .ARM.attributes
                0x0000004a       0x2c ./Core/Inc/VL53L1X/core/VL53L1X_api.o
 .ARM.attributes
                0x00000076       0x2c ./Core/Inc/VL53L1X/platform/vl53l1_platform.o
 .ARM.attributes
                0x000000a2       0x2c ./Core/Inc/VL53L1X/vl53l1x.o
 .ARM.attributes
                0x000000ce       0x2c ./Core/Src/Adapter/massage_adapter.o
 .ARM.attributes
                0x000000fa       0x2c ./Core/Src/PMW3901MB/pmw_3901.o
 .ARM.attributes
                0x00000126       0x2c ./Core/Src/main.o
 .ARM.attributes
                0x00000152       0x2c ./Core/Src/stm32g0xx_hal_msp.o
 .ARM.attributes
                0x0000017e       0x2c ./Core/Src/stm32g0xx_it.o
 .ARM.attributes
                0x000001aa       0x2c ./Core/Src/system_stm32g0xx.o
 .ARM.attributes
                0x000001d6       0x22 ./Core/Startup/startup_stm32g030f6px.o
 .ARM.attributes
                0x000001f8       0x2c ./Drivers/STM32G0xx_HAL_Driver/Src/stm32g0xx_hal.o
 .ARM.attributes
                0x00000224       0x2c ./Drivers/STM32G0xx_HAL_Driver/Src/stm32g0xx_hal_cortex.o
 .ARM.attributes
                0x00000250       0x2c ./Drivers/STM32G0xx_HAL_Driver/Src/stm32g0xx_hal_gpio.o
 .ARM.attributes
                0x0000027c       0x2c ./Drivers/STM32G0xx_HAL_Driver/Src/stm32g0xx_hal_i2c.o
 .ARM.attributes
                0x000002a8       0x2c ./Drivers/STM32G0xx_HAL_Driver/Src/stm32g0xx_hal_i2c_ex.o
 .ARM.attributes
                0x000002d4       0x2c ./Drivers/STM32G0xx_HAL_Driver/Src/stm32g0xx_hal_pwr_ex.o
 .ARM.attributes
                0x00000300       0x2c ./Drivers/STM32G0xx_HAL_Driver/Src/stm32g0xx_hal_rcc.o
 .ARM.attributes
                0x0000032c       0x2c ./Drivers/STM32G0xx_HAL_Driver/Src/stm32g0xx_hal_spi.o
 .ARM.attributes
                0x00000358       0x2c ./Drivers/STM32G0xx_HAL_Driver/Src/stm32g0xx_hal_tim.o
 .ARM.attributes
                0x00000384       0x2c ./Drivers/STM32G0xx_HAL_Driver/Src/stm32g0xx_hal_tim_ex.o
 .ARM.attributes
                0x000003b0       0x2c ./Drivers/STM32G0xx_HAL_Driver/Src/stm32g0xx_hal_uart.o
 .ARM.attributes
                0x000003dc       0x2c D:/ST/STM32CubeIDE_1.16.1/STM32CubeIDE/plugins/com.st.stm32cube.ide.mcu.externaltools.gnu-tools-for-stm32.12.3.rel1.win32_1.0.200.202406191623/tools/bin/../lib/gcc/arm-none-eabi/12.3.1/../../../../arm-none-eabi/lib/thumb/v6-m/nofp\libc_nano.a(libc_a-memset.o)
 .ARM.attributes
                0x00000408       0x2c D:/ST/STM32CubeIDE_1.16.1/STM32CubeIDE/plugins/com.st.stm32cube.ide.mcu.externaltools.gnu-tools-for-stm32.12.3.rel1.win32_1.0.200.202406191623/tools/bin/../lib/gcc/arm-none-eabi/12.3.1/../../../../arm-none-eabi/lib/thumb/v6-m/nofp\libc_nano.a(libc_a-init.o)
 .ARM.attributes
                0x00000434       0x2c D:/ST/STM32CubeIDE_1.16.1/STM32CubeIDE/plugins/com.st.stm32cube.ide.mcu.externaltools.gnu-tools-for-stm32.12.3.rel1.win32_1.0.200.202406191623/tools/bin/../lib/gcc/arm-none-eabi/12.3.1/../../../../arm-none-eabi/lib/thumb/v6-m/nofp\libc_nano.a(libc_a-memcpy-stub.o)
 .ARM.attributes
                0x00000460       0x1e D:/ST/STM32CubeIDE_1.16.1/STM32CubeIDE/plugins/com.st.stm32cube.ide.mcu.externaltools.gnu-tools-for-stm32.12.3.rel1.win32_1.0.200.202406191623/tools/bin/../lib/gcc/arm-none-eabi/12.3.1/thumb/v6-m/nofp\libgcc.a(_thumb1_case_uqi.o)
 .ARM.attributes
                0x0000047e       0x1e D:/ST/STM32CubeIDE_1.16.1/STM32CubeIDE/plugins/com.st.stm32cube.ide.mcu.externaltools.gnu-tools-for-stm32.12.3.rel1.win32_1.0.200.202406191623/tools/bin/../lib/gcc/arm-none-eabi/12.3.1/thumb/v6-m/nofp\libgcc.a(_udivsi3.o)
 .ARM.attributes
                0x0000049c       0x1e D:/ST/STM32CubeIDE_1.16.1/STM32CubeIDE/plugins/com.st.stm32cube.ide.mcu.externaltools.gnu-tools-for-stm32.12.3.rel1.win32_1.0.200.202406191623/tools/bin/../lib/gcc/arm-none-eabi/12.3.1/thumb/v6-m/nofp\libgcc.a(_divsi3.o)
 .ARM.attributes
                0x000004ba       0x1e D:/ST/STM32CubeIDE_1.16.1/STM32CubeIDE/plugins/com.st.stm32cube.ide.mcu.externaltools.gnu-tools-for-stm32.12.3.rel1.win32_1.0.200.202406191623/tools/bin/../lib/gcc/arm-none-eabi/12.3.1/thumb/v6-m/nofp\libgcc.a(_dvmd_tls.o)
 .ARM.attributes
                0x000004d8       0x2c D:/ST/STM32CubeIDE_1.16.1/STM32CubeIDE/plugins/com.st.stm32cube.ide.mcu.externaltools.gnu-tools-for-stm32.12.3.rel1.win32_1.0.200.202406191623/tools/bin/../lib/gcc/arm-none-eabi/12.3.1/thumb/v6-m/nofp\libgcc.a(_fixunsdfsi.o)
 .ARM.attributes
                0x00000504       0x2c D:/ST/STM32CubeIDE_1.16.1/STM32CubeIDE/plugins/com.st.stm32cube.ide.mcu.externaltools.gnu-tools-for-stm32.12.3.rel1.win32_1.0.200.202406191623/tools/bin/../lib/gcc/arm-none-eabi/12.3.1/thumb/v6-m/nofp\libgcc.a(muldf3.o)
 .ARM.attributes
                0x00000530       0x2c D:/ST/STM32CubeIDE_1.16.1/STM32CubeIDE/plugins/com.st.stm32cube.ide.mcu.externaltools.gnu-tools-for-stm32.12.3.rel1.win32_1.0.200.202406191623/tools/bin/../lib/gcc/arm-none-eabi/12.3.1/thumb/v6-m/nofp\libgcc.a(subdf3.o)
 .ARM.attributes
                0x0000055c       0x2c D:/ST/STM32CubeIDE_1.16.1/STM32CubeIDE/plugins/com.st.stm32cube.ide.mcu.externaltools.gnu-tools-for-stm32.12.3.rel1.win32_1.0.200.202406191623/tools/bin/../lib/gcc/arm-none-eabi/12.3.1/thumb/v6-m/nofp\libgcc.a(fixdfsi.o)
 .ARM.attributes
                0x00000588       0x2c D:/ST/STM32CubeIDE_1.16.1/STM32CubeIDE/plugins/com.st.stm32cube.ide.mcu.externaltools.gnu-tools-for-stm32.12.3.rel1.win32_1.0.200.202406191623/tools/bin/../lib/gcc/arm-none-eabi/12.3.1/thumb/v6-m/nofp\libgcc.a(floatunsidf.o)
 .ARM.attributes
                0x000005b4       0x1e D:/ST/STM32CubeIDE_1.16.1/STM32CubeIDE/plugins/com.st.stm32cube.ide.mcu.externaltools.gnu-tools-for-stm32.12.3.rel1.win32_1.0.200.202406191623/tools/bin/../lib/gcc/arm-none-eabi/12.3.1/thumb/v6-m/nofp\libgcc.a(_arm_cmpdf2.o)
 .ARM.attributes
                0x000005d2       0x1e D:/ST/STM32CubeIDE_1.16.1/STM32CubeIDE/plugins/com.st.stm32cube.ide.mcu.externaltools.gnu-tools-for-stm32.12.3.rel1.win32_1.0.200.202406191623/tools/bin/../lib/gcc/arm-none-eabi/12.3.1/thumb/v6-m/nofp\libgcc.a(_clzsi2.o)
 .ARM.attributes
                0x000005f0       0x2c D:/ST/STM32CubeIDE_1.16.1/STM32CubeIDE/plugins/com.st.stm32cube.ide.mcu.externaltools.gnu-tools-for-stm32.12.3.rel1.win32_1.0.200.202406191623/tools/bin/../lib/gcc/arm-none-eabi/12.3.1/thumb/v6-m/nofp\libgcc.a(eqdf2.o)
 .ARM.attributes
                0x0000061c       0x2c D:/ST/STM32CubeIDE_1.16.1/STM32CubeIDE/plugins/com.st.stm32cube.ide.mcu.externaltools.gnu-tools-for-stm32.12.3.rel1.win32_1.0.200.202406191623/tools/bin/../lib/gcc/arm-none-eabi/12.3.1/thumb/v6-m/nofp\libgcc.a(gedf2.o)
 .ARM.attributes
                0x00000648       0x2c D:/ST/STM32CubeIDE_1.16.1/STM32CubeIDE/plugins/com.st.stm32cube.ide.mcu.externaltools.gnu-tools-for-stm32.12.3.rel1.win32_1.0.200.202406191623/tools/bin/../lib/gcc/arm-none-eabi/12.3.1/thumb/v6-m/nofp\libgcc.a(ledf2.o)
 .ARM.attributes
                0x00000674       0x1e D:/ST/STM32CubeIDE_1.16.1/STM32CubeIDE/plugins/com.st.stm32cube.ide.mcu.externaltools.gnu-tools-for-stm32.12.3.rel1.win32_1.0.200.202406191623/tools/bin/../lib/gcc/arm-none-eabi/12.3.1/thumb/v6-m/nofp/crtn.o
OUTPUT(STM32G030F6P6TR.elf elf32-littlearm)
LOAD linker stubs
LOAD D:/ST/STM32CubeIDE_1.16.1/STM32CubeIDE/plugins/com.st.stm32cube.ide.mcu.externaltools.gnu-tools-for-stm32.12.3.rel1.win32_1.0.200.202406191623/tools/bin/../lib/gcc/arm-none-eabi/12.3.1/../../../../arm-none-eabi/lib/thumb/v6-m/nofp\libc.a
LOAD D:/ST/STM32CubeIDE_1.16.1/STM32CubeIDE/plugins/com.st.stm32cube.ide.mcu.externaltools.gnu-tools-for-stm32.12.3.rel1.win32_1.0.200.202406191623/tools/bin/../lib/gcc/arm-none-eabi/12.3.1/../../../../arm-none-eabi/lib/thumb/v6-m/nofp\libm.a
LOAD D:/ST/STM32CubeIDE_1.16.1/STM32CubeIDE/plugins/com.st.stm32cube.ide.mcu.externaltools.gnu-tools-for-stm32.12.3.rel1.win32_1.0.200.202406191623/tools/bin/../lib/gcc/arm-none-eabi/12.3.1/thumb/v6-m/nofp\libgcc.a

.debug_info     0x00000000    0x20245
 .debug_info    0x00000000     0x1e45 ./Core/Inc/VL53L1X/core/VL53L1X_api.o
 .debug_info    0x00001e45     0x122d ./Core/Inc/VL53L1X/platform/vl53l1_platform.o
 .debug_info    0x00003072      0x383 ./Core/Inc/VL53L1X/vl53l1x.o
 .debug_info    0x000033f5     0x1e0a ./Core/Src/Adapter/massage_adapter.o
 .debug_info    0x000051ff     0x1745 ./Core/Src/PMW3901MB/pmw_3901.o
 .debug_info    0x00006944     0x1c9a ./Core/Src/main.o
 .debug_info    0x000085de     0x17cd ./Core/Src/stm32g0xx_hal_msp.o
 .debug_info    0x00009dab      0x7f3 ./Core/Src/stm32g0xx_it.o
 .debug_info    0x0000a59e      0x345 ./Core/Src/system_stm32g0xx.o
 .debug_info    0x0000a8e3       0x30 ./Core/Startup/startup_stm32g030f6px.o
 .debug_info    0x0000a913      0x9ed ./Drivers/STM32G0xx_HAL_Driver/Src/stm32g0xx_hal.o
 .debug_info    0x0000b300      0xa39 ./Drivers/STM32G0xx_HAL_Driver/Src/stm32g0xx_hal_cortex.o
 .debug_info    0x0000bd39      0x5ed ./Drivers/STM32G0xx_HAL_Driver/Src/stm32g0xx_hal_gpio.o
 .debug_info    0x0000c326     0x3eed ./Drivers/STM32G0xx_HAL_Driver/Src/stm32g0xx_hal_i2c.o
 .debug_info    0x00010213      0x9f2 ./Drivers/STM32G0xx_HAL_Driver/Src/stm32g0xx_hal_i2c_ex.o
 .debug_info    0x00010c05      0x4f6 ./Drivers/STM32G0xx_HAL_Driver/Src/stm32g0xx_hal_pwr_ex.o
 .debug_info    0x000110fb      0xd70 ./Drivers/STM32G0xx_HAL_Driver/Src/stm32g0xx_hal_rcc.o
 .debug_info    0x00011e6b     0x2270 ./Drivers/STM32G0xx_HAL_Driver/Src/stm32g0xx_hal_spi.o
 .debug_info    0x000140db     0x4345 ./Drivers/STM32G0xx_HAL_Driver/Src/stm32g0xx_hal_tim.o
 .debug_info    0x00018420     0x1d5b ./Drivers/STM32G0xx_HAL_Driver/Src/stm32g0xx_hal_tim_ex.o
 .debug_info    0x0001a17b     0x60ca ./Drivers/STM32G0xx_HAL_Driver/Src/stm32g0xx_hal_uart.o

.debug_abbrev   0x00000000     0x398a
 .debug_abbrev  0x00000000      0x1fa ./Core/Inc/VL53L1X/core/VL53L1X_api.o
 .debug_abbrev  0x000001fa      0x37e ./Core/Inc/VL53L1X/platform/vl53l1_platform.o
 .debug_abbrev  0x00000578      0x121 ./Core/Inc/VL53L1X/vl53l1x.o
 .debug_abbrev  0x00000699      0x3bd ./Core/Src/Adapter/massage_adapter.o
 .debug_abbrev  0x00000a56      0x338 ./Core/Src/PMW3901MB/pmw_3901.o
 .debug_abbrev  0x00000d8e      0x3ec ./Core/Src/main.o
 .debug_abbrev  0x0000117a      0x25d ./Core/Src/stm32g0xx_hal_msp.o
 .debug_abbrev  0x000013d7      0x1fa ./Core/Src/stm32g0xx_it.o
 .debug_abbrev  0x000015d1      0x148 ./Core/Src/system_stm32g0xx.o
 .debug_abbrev  0x00001719       0x24 ./Core/Startup/startup_stm32g030f6px.o
 .debug_abbrev  0x0000173d      0x33f ./Drivers/STM32G0xx_HAL_Driver/Src/stm32g0xx_hal.o
 .debug_abbrev  0x00001a7c      0x2cb ./Drivers/STM32G0xx_HAL_Driver/Src/stm32g0xx_hal_cortex.o
 .debug_abbrev  0x00001d47      0x259 ./Drivers/STM32G0xx_HAL_Driver/Src/stm32g0xx_hal_gpio.o
 .debug_abbrev  0x00001fa0      0x3c7 ./Drivers/STM32G0xx_HAL_Driver/Src/stm32g0xx_hal_i2c.o
 .debug_abbrev  0x00002367      0x1ff ./Drivers/STM32G0xx_HAL_Driver/Src/stm32g0xx_hal_i2c_ex.o
 .debug_abbrev  0x00002566      0x1fc ./Drivers/STM32G0xx_HAL_Driver/Src/stm32g0xx_hal_pwr_ex.o
 .debug_abbrev  0x00002762      0x362 ./Drivers/STM32G0xx_HAL_Driver/Src/stm32g0xx_hal_rcc.o
 .debug_abbrev  0x00002ac4      0x38b ./Drivers/STM32G0xx_HAL_Driver/Src/stm32g0xx_hal_spi.o
 .debug_abbrev  0x00002e4f      0x3c5 ./Drivers/STM32G0xx_HAL_Driver/Src/stm32g0xx_hal_tim.o
 .debug_abbrev  0x00003214      0x334 ./Drivers/STM32G0xx_HAL_Driver/Src/stm32g0xx_hal_tim_ex.o
 .debug_abbrev  0x00003548      0x442 ./Drivers/STM32G0xx_HAL_Driver/Src/stm32g0xx_hal_uart.o

.debug_loclists
                0x00000000     0xdd7f
 .debug_loclists
                0x00000000      0xe81 ./Core/Inc/VL53L1X/core/VL53L1X_api.o
 .debug_loclists
                0x00000e81      0x7d6 ./Core/Inc/VL53L1X/platform/vl53l1_platform.o
 .debug_loclists
                0x00001657      0x61c ./Core/Src/Adapter/massage_adapter.o
 .debug_loclists
                0x00001c73      0x2fb ./Core/Src/PMW3901MB/pmw_3901.o
 .debug_loclists
                0x00001f6e       0x5f ./Core/Src/main.o
 .debug_loclists
                0x00001fcd       0xd9 ./Core/Src/stm32g0xx_hal_msp.o
 .debug_loclists
                0x000020a6       0xa0 ./Core/Src/system_stm32g0xx.o
 .debug_loclists
                0x00002146      0x118 ./Drivers/STM32G0xx_HAL_Driver/Src/stm32g0xx_hal.o
 .debug_loclists
                0x0000225e      0x28b ./Drivers/STM32G0xx_HAL_Driver/Src/stm32g0xx_hal_cortex.o
 .debug_loclists
                0x000024e9      0x257 ./Drivers/STM32G0xx_HAL_Driver/Src/stm32g0xx_hal_gpio.o
 .debug_loclists
                0x00002740     0x2f04 ./Drivers/STM32G0xx_HAL_Driver/Src/stm32g0xx_hal_i2c.o
 .debug_loclists
                0x00005644      0x112 ./Drivers/STM32G0xx_HAL_Driver/Src/stm32g0xx_hal_i2c_ex.o
 .debug_loclists
                0x00005756      0x1bc ./Drivers/STM32G0xx_HAL_Driver/Src/stm32g0xx_hal_pwr_ex.o
 .debug_loclists
                0x00005912      0x465 ./Drivers/STM32G0xx_HAL_Driver/Src/stm32g0xx_hal_rcc.o
 .debug_loclists
                0x00005d77     0x13e0 ./Drivers/STM32G0xx_HAL_Driver/Src/stm32g0xx_hal_spi.o
 .debug_loclists
                0x00007157     0x3412 ./Drivers/STM32G0xx_HAL_Driver/Src/stm32g0xx_hal_tim.o
 .debug_loclists
                0x0000a569     0x1182 ./Drivers/STM32G0xx_HAL_Driver/Src/stm32g0xx_hal_tim_ex.o
 .debug_loclists
                0x0000b6eb     0x2694 ./Drivers/STM32G0xx_HAL_Driver/Src/stm32g0xx_hal_uart.o

.debug_aranges  0x00000000     0x1350
 .debug_aranges
                0x00000000      0x168 ./Core/Inc/VL53L1X/core/VL53L1X_api.o
 .debug_aranges
                0x00000168       0x98 ./Core/Inc/VL53L1X/platform/vl53l1_platform.o
 .debug_aranges
                0x00000200       0x28 ./Core/Inc/VL53L1X/vl53l1x.o
 .debug_aranges
                0x00000228       0x48 ./Core/Src/Adapter/massage_adapter.o
 .debug_aranges
                0x00000270       0x40 ./Core/Src/PMW3901MB/pmw_3901.o
 .debug_aranges
                0x000002b0       0x38 ./Core/Src/main.o
 .debug_aranges
                0x000002e8       0x60 ./Core/Src/stm32g0xx_hal_msp.o
 .debug_aranges
                0x00000348       0x48 ./Core/Src/stm32g0xx_it.o
 .debug_aranges
                0x00000390       0x28 ./Core/Src/system_stm32g0xx.o
 .debug_aranges
                0x000003b8       0x28 ./Core/Startup/startup_stm32g030f6px.o
 .debug_aranges
                0x000003e0      0x100 ./Drivers/STM32G0xx_HAL_Driver/Src/stm32g0xx_hal.o
 .debug_aranges
                0x000004e0       0xa0 ./Drivers/STM32G0xx_HAL_Driver/Src/stm32g0xx_hal_cortex.o
 .debug_aranges
                0x00000580       0x60 ./Drivers/STM32G0xx_HAL_Driver/Src/stm32g0xx_hal_gpio.o
 .debug_aranges
                0x000005e0      0x290 ./Drivers/STM32G0xx_HAL_Driver/Src/stm32g0xx_hal_i2c.o
 .debug_aranges
                0x00000870       0x48 ./Drivers/STM32G0xx_HAL_Driver/Src/stm32g0xx_hal_i2c_ex.o
 .debug_aranges
                0x000008b8       0x98 ./Drivers/STM32G0xx_HAL_Driver/Src/stm32g0xx_hal_pwr_ex.o
 .debug_aranges
                0x00000950       0x98 ./Drivers/STM32G0xx_HAL_Driver/Src/stm32g0xx_hal_rcc.o
 .debug_aranges
                0x000009e8      0x1d8 ./Drivers/STM32G0xx_HAL_Driver/Src/stm32g0xx_hal_spi.o
 .debug_aranges
                0x00000bc0      0x3b0 ./Drivers/STM32G0xx_HAL_Driver/Src/stm32g0xx_hal_tim.o
 .debug_aranges
                0x00000f70      0x198 ./Drivers/STM32G0xx_HAL_Driver/Src/stm32g0xx_hal_tim_ex.o
 .debug_aranges
                0x00001108      0x248 ./Drivers/STM32G0xx_HAL_Driver/Src/stm32g0xx_hal_uart.o

.debug_rnglists
                0x00000000     0x1365
 .debug_rnglists
                0x00000000      0x10e ./Core/Inc/VL53L1X/core/VL53L1X_api.o
 .debug_rnglists
                0x0000010e       0x6d ./Core/Inc/VL53L1X/platform/vl53l1_platform.o
 .debug_rnglists
                0x0000017b       0x19 ./Core/Inc/VL53L1X/vl53l1x.o
 .debug_rnglists
                0x00000194       0xaf ./Core/Src/Adapter/massage_adapter.o
 .debug_rnglists
                0x00000243       0x53 ./Core/Src/PMW3901MB/pmw_3901.o
 .debug_rnglists
                0x00000296       0x4a ./Core/Src/main.o
 .debug_rnglists
                0x000002e0       0xbb ./Core/Src/stm32g0xx_hal_msp.o
 .debug_rnglists
                0x0000039b       0x31 ./Core/Src/stm32g0xx_it.o
 .debug_rnglists
                0x000003cc       0x1a ./Core/Src/system_stm32g0xx.o
 .debug_rnglists
                0x000003e6       0x19 ./Core/Startup/startup_stm32g030f6px.o
 .debug_rnglists
                0x000003ff       0xbb ./Drivers/STM32G0xx_HAL_Driver/Src/stm32g0xx_hal.o
 .debug_rnglists
                0x000004ba       0xa3 ./Drivers/STM32G0xx_HAL_Driver/Src/stm32g0xx_hal_cortex.o
 .debug_rnglists
                0x0000055d       0x45 ./Drivers/STM32G0xx_HAL_Driver/Src/stm32g0xx_hal_gpio.o
 .debug_rnglists
                0x000005a2      0x256 ./Drivers/STM32G0xx_HAL_Driver/Src/stm32g0xx_hal_i2c.o
 .debug_rnglists
                0x000007f8       0x4f ./Drivers/STM32G0xx_HAL_Driver/Src/stm32g0xx_hal_i2c_ex.o
 .debug_rnglists
                0x00000847       0x6d ./Drivers/STM32G0xx_HAL_Driver/Src/stm32g0xx_hal_pwr_ex.o
 .debug_rnglists
                0x000008b4       0x96 ./Drivers/STM32G0xx_HAL_Driver/Src/stm32g0xx_hal_rcc.o
 .debug_rnglists
                0x0000094a      0x1c8 ./Drivers/STM32G0xx_HAL_Driver/Src/stm32g0xx_hal_spi.o
 .debug_rnglists
                0x00000b12      0x404 ./Drivers/STM32G0xx_HAL_Driver/Src/stm32g0xx_hal_tim.o
 .debug_rnglists
                0x00000f16      0x139 ./Drivers/STM32G0xx_HAL_Driver/Src/stm32g0xx_hal_tim_ex.o
 .debug_rnglists
                0x0000104f      0x316 ./Drivers/STM32G0xx_HAL_Driver/Src/stm32g0xx_hal_uart.o

.debug_macro    0x00000000    0x1a346
 .debug_macro   0x00000000      0x1c5 ./Core/Inc/VL53L1X/core/VL53L1X_api.o
 .debug_macro   0x000001c5      0xa90 ./Core/Inc/VL53L1X/core/VL53L1X_api.o
 .debug_macro   0x00000c55       0x22 ./Core/Inc/VL53L1X/core/VL53L1X_api.o
 .debug_macro   0x00000c77       0x8e ./Core/Inc/VL53L1X/core/VL53L1X_api.o
 .debug_macro   0x00000d05       0x51 ./Core/Inc/VL53L1X/core/VL53L1X_api.o
 .debug_macro   0x00000d56      0x103 ./Core/Inc/VL53L1X/core/VL53L1X_api.o
 .debug_macro   0x00000e59       0x6a ./Core/Inc/VL53L1X/core/VL53L1X_api.o
 .debug_macro   0x00000ec3      0x1df ./Core/Inc/VL53L1X/core/VL53L1X_api.o
 .debug_macro   0x000010a2      0x189 ./Core/Inc/VL53L1X/core/VL53L1X_api.o
 .debug_macro   0x0000122b       0x61 ./Core/Inc/VL53L1X/core/VL53L1X_api.o
 .debug_macro   0x0000128c       0x24 ./Core/Inc/VL53L1X/core/VL53L1X_api.o
 .debug_macro   0x000012b0       0x43 ./Core/Inc/VL53L1X/core/VL53L1X_api.o
 .debug_macro   0x000012f3       0x34 ./Core/Inc/VL53L1X/core/VL53L1X_api.o
 .debug_macro   0x00001327       0x16 ./Core/Inc/VL53L1X/core/VL53L1X_api.o
 .debug_macro   0x0000133d       0x43 ./Core/Inc/VL53L1X/core/VL53L1X_api.o
 .debug_macro   0x00001380       0x34 ./Core/Inc/VL53L1X/core/VL53L1X_api.o
 .debug_macro   0x000013b4       0x10 ./Core/Inc/VL53L1X/core/VL53L1X_api.o
 .debug_macro   0x000013c4       0x58 ./Core/Inc/VL53L1X/core/VL53L1X_api.o
 .debug_macro   0x0000141c       0x8e ./Core/Inc/VL53L1X/core/VL53L1X_api.o
 .debug_macro   0x000014aa       0x1c ./Core/Inc/VL53L1X/core/VL53L1X_api.o
 .debug_macro   0x000014c6      0x177 ./Core/Inc/VL53L1X/core/VL53L1X_api.o
 .debug_macro   0x0000163d      0x369 ./Core/Inc/VL53L1X/core/VL53L1X_api.o
 .debug_macro   0x000019a6       0x10 ./Core/Inc/VL53L1X/core/VL53L1X_api.o
 .debug_macro   0x000019b6       0x35 ./Core/Inc/VL53L1X/core/VL53L1X_api.o
 .debug_macro   0x000019eb       0x20 ./Core/Inc/VL53L1X/core/VL53L1X_api.o
 .debug_macro   0x00001a0b       0x1c ./Core/Inc/VL53L1X/core/VL53L1X_api.o
 .debug_macro   0x00001a27       0x10 ./Core/Inc/VL53L1X/core/VL53L1X_api.o
 .debug_macro   0x00001a37       0x1c ./Core/Inc/VL53L1X/core/VL53L1X_api.o
 .debug_macro   0x00001a53       0x16 ./Core/Inc/VL53L1X/core/VL53L1X_api.o
 .debug_macro   0x00001a69      0x146 ./Core/Inc/VL53L1X/core/VL53L1X_api.o
 .debug_macro   0x00001baf       0x16 ./Core/Inc/VL53L1X/core/VL53L1X_api.o
 .debug_macro   0x00001bc5       0x16 ./Core/Inc/VL53L1X/core/VL53L1X_api.o
 .debug_macro   0x00001bdb       0x29 ./Core/Inc/VL53L1X/core/VL53L1X_api.o
 .debug_macro   0x00001c04      0x12a ./Core/Inc/VL53L1X/core/VL53L1X_api.o
 .debug_macro   0x00001d2e      0x45a ./Core/Inc/VL53L1X/platform/vl53l1_platform.o
 .debug_macro   0x00002188       0x3b ./Core/Inc/VL53L1X/platform/vl53l1_platform.o
 .debug_macro   0x000021c3       0x64 ./Core/Inc/VL53L1X/platform/vl53l1_platform.o
 .debug_macro   0x00002227      0x129 ./Core/Inc/VL53L1X/platform/vl53l1_platform.o
 .debug_macro   0x00002350       0x2e ./Core/Inc/VL53L1X/platform/vl53l1_platform.o
 .debug_macro   0x0000237e       0x28 ./Core/Inc/VL53L1X/platform/vl53l1_platform.o
 .debug_macro   0x000023a6       0x1c ./Core/Inc/VL53L1X/platform/vl53l1_platform.o
 .debug_macro   0x000023c2       0x22 ./Core/Inc/VL53L1X/platform/vl53l1_platform.o
 .debug_macro   0x000023e4       0xd1 ./Core/Inc/VL53L1X/platform/vl53l1_platform.o
 .debug_macro   0x000024b5      0x4da ./Core/Inc/VL53L1X/platform/vl53l1_platform.o
 .debug_macro   0x0000298f      0x11f ./Core/Inc/VL53L1X/platform/vl53l1_platform.o
 .debug_macro   0x00002aae     0xa0e8 ./Core/Inc/VL53L1X/platform/vl53l1_platform.o
 .debug_macro   0x0000cb96       0x66 ./Core/Inc/VL53L1X/platform/vl53l1_platform.o
 .debug_macro   0x0000cbfc     0x350e ./Core/Inc/VL53L1X/platform/vl53l1_platform.o
 .debug_macro   0x0001010a       0x56 ./Core/Inc/VL53L1X/platform/vl53l1_platform.o
 .debug_macro   0x00010160      0x462 ./Core/Inc/VL53L1X/platform/vl53l1_platform.o
 .debug_macro   0x000105c2      0xe1a ./Core/Inc/VL53L1X/platform/vl53l1_platform.o
 .debug_macro   0x000113dc      0x106 ./Core/Inc/VL53L1X/platform/vl53l1_platform.o
 .debug_macro   0x000114e2      0x1cf ./Core/Inc/VL53L1X/platform/vl53l1_platform.o
 .debug_macro   0x000116b1       0xff ./Core/Inc/VL53L1X/platform/vl53l1_platform.o
 .debug_macro   0x000117b0      0x33c ./Core/Inc/VL53L1X/platform/vl53l1_platform.o
 .debug_macro   0x00011aec      0x202 ./Core/Inc/VL53L1X/platform/vl53l1_platform.o
 .debug_macro   0x00011cee      0x2c7 ./Core/Inc/VL53L1X/platform/vl53l1_platform.o
 .debug_macro   0x00011fb5      0x198 ./Core/Inc/VL53L1X/platform/vl53l1_platform.o
 .debug_macro   0x0001214d       0x43 ./Core/Inc/VL53L1X/platform/vl53l1_platform.o
 .debug_macro   0x00012190      0x1f1 ./Core/Inc/VL53L1X/platform/vl53l1_platform.o
 .debug_macro   0x00012381      0x1d6 ./Core/Inc/VL53L1X/platform/vl53l1_platform.o
 .debug_macro   0x00012557      0x2a3 ./Core/Inc/VL53L1X/platform/vl53l1_platform.o
 .debug_macro   0x000127fa       0x28 ./Core/Inc/VL53L1X/platform/vl53l1_platform.o
 .debug_macro   0x00012822       0xcf ./Core/Inc/VL53L1X/platform/vl53l1_platform.o
 .debug_macro   0x000128f1      0x22c ./Core/Inc/VL53L1X/platform/vl53l1_platform.o
 .debug_macro   0x00012b1d       0x67 ./Core/Inc/VL53L1X/platform/vl53l1_platform.o
 .debug_macro   0x00012b84       0xa5 ./Core/Inc/VL53L1X/platform/vl53l1_platform.o
 .debug_macro   0x00012c29       0xff ./Core/Inc/VL53L1X/platform/vl53l1_platform.o
 .debug_macro   0x00012d28      0x10d ./Core/Inc/VL53L1X/platform/vl53l1_platform.o
 .debug_macro   0x00012e35      0x2fe ./Core/Inc/VL53L1X/platform/vl53l1_platform.o
 .debug_macro   0x00013133      0xac2 ./Core/Inc/VL53L1X/platform/vl53l1_platform.o
 .debug_macro   0x00013bf5       0xfa ./Core/Inc/VL53L1X/platform/vl53l1_platform.o
 .debug_macro   0x00013cef      0x693 ./Core/Inc/VL53L1X/platform/vl53l1_platform.o
 .debug_macro   0x00014382       0xa6 ./Core/Inc/VL53L1X/platform/vl53l1_platform.o
 .debug_macro   0x00014428      0x412 ./Core/Inc/VL53L1X/platform/vl53l1_platform.o
 .debug_macro   0x0001483a       0x16 ./Core/Inc/VL53L1X/platform/vl53l1_platform.o
 .debug_macro   0x00014850       0x10 ./Core/Inc/VL53L1X/platform/vl53l1_platform.o
 .debug_macro   0x00014860       0x10 ./Core/Inc/VL53L1X/platform/vl53l1_platform.o
 .debug_macro   0x00014870       0x10 ./Core/Inc/VL53L1X/platform/vl53l1_platform.o
 .debug_macro   0x00014880       0x1c ./Core/Inc/VL53L1X/platform/vl53l1_platform.o
 .debug_macro   0x0001489c       0x52 ./Core/Inc/VL53L1X/platform/vl53l1_platform.o
 .debug_macro   0x000148ee       0x22 ./Core/Inc/VL53L1X/platform/vl53l1_platform.o
 .debug_macro   0x00014910       0x10 ./Core/Inc/VL53L1X/platform/vl53l1_platform.o
 .debug_macro   0x00014920       0x52 ./Core/Inc/VL53L1X/platform/vl53l1_platform.o
 .debug_macro   0x00014972       0xc1 ./Core/Inc/VL53L1X/platform/vl53l1_platform.o
 .debug_macro   0x00014a33       0x1c ./Core/Inc/VL53L1X/platform/vl53l1_platform.o
 .debug_macro   0x00014a4f       0x3d ./Core/Inc/VL53L1X/platform/vl53l1_platform.o
 .debug_macro   0x00014a8c       0x35 ./Core/Inc/VL53L1X/platform/vl53l1_platform.o
 .debug_macro   0x00014ac1      0x19b ./Core/Inc/VL53L1X/platform/vl53l1_platform.o
 .debug_macro   0x00014c5c      0x126 ./Core/Inc/VL53L1X/platform/vl53l1_platform.o
 .debug_macro   0x00014d82      0x378 ./Core/Inc/VL53L1X/vl53l1x.o
 .debug_macro   0x000150fa      0x96a ./Core/Src/Adapter/massage_adapter.o
 .debug_macro   0x00015a64       0x5c ./Core/Src/Adapter/massage_adapter.o
 .debug_macro   0x00015ac0       0x2e ./Core/Src/Adapter/massage_adapter.o
 .debug_macro   0x00015aee       0x1c ./Core/Src/Adapter/massage_adapter.o
 .debug_macro   0x00015b0a       0x1c ./Core/Src/Adapter/massage_adapter.o
 .debug_macro   0x00015b26       0x84 ./Core/Src/Adapter/massage_adapter.o
 .debug_macro   0x00015baa       0x2e ./Core/Src/Adapter/massage_adapter.o
 .debug_macro   0x00015bd8       0x16 ./Core/Src/Adapter/massage_adapter.o
 .debug_macro   0x00015bee       0xc1 ./Core/Src/Adapter/massage_adapter.o
 .debug_macro   0x00015caf      0x3fd ./Core/Src/Adapter/massage_adapter.o
 .debug_macro   0x000160ac       0x34 ./Core/Src/Adapter/massage_adapter.o
 .debug_macro   0x000160e0       0x34 ./Core/Src/Adapter/massage_adapter.o
 .debug_macro   0x00016114       0x34 ./Core/Src/Adapter/massage_adapter.o
 .debug_macro   0x00016148       0x3a ./Core/Src/Adapter/massage_adapter.o
 .debug_macro   0x00016182       0x34 ./Core/Src/Adapter/massage_adapter.o
 .debug_macro   0x000161b6       0x3a ./Core/Src/Adapter/massage_adapter.o
 .debug_macro   0x000161f0       0x34 ./Core/Src/Adapter/massage_adapter.o
 .debug_macro   0x00016224       0x34 ./Core/Src/Adapter/massage_adapter.o
 .debug_macro   0x00016258       0x3a ./Core/Src/Adapter/massage_adapter.o
 .debug_macro   0x00016292       0x34 ./Core/Src/Adapter/massage_adapter.o
 .debug_macro   0x000162c6       0x3a ./Core/Src/Adapter/massage_adapter.o
 .debug_macro   0x00016300       0x3a ./Core/Src/Adapter/massage_adapter.o
 .debug_macro   0x0001633a       0x34 ./Core/Src/Adapter/massage_adapter.o
 .debug_macro   0x0001636e       0x52 ./Core/Src/Adapter/massage_adapter.o
 .debug_macro   0x000163c0       0x34 ./Core/Src/Adapter/massage_adapter.o
 .debug_macro   0x000163f4       0x34 ./Core/Src/Adapter/massage_adapter.o
 .debug_macro   0x00016428       0x34 ./Core/Src/Adapter/massage_adapter.o
 .debug_macro   0x0001645c       0x34 ./Core/Src/Adapter/massage_adapter.o
 .debug_macro   0x00016490       0x34 ./Core/Src/Adapter/massage_adapter.o
 .debug_macro   0x000164c4       0x34 ./Core/Src/Adapter/massage_adapter.o
 .debug_macro   0x000164f8       0x34 ./Core/Src/Adapter/massage_adapter.o
 .debug_macro   0x0001652c       0x34 ./Core/Src/Adapter/massage_adapter.o
 .debug_macro   0x00016560       0x34 ./Core/Src/Adapter/massage_adapter.o
 .debug_macro   0x00016594       0x34 ./Core/Src/Adapter/massage_adapter.o
 .debug_macro   0x000165c8       0x34 ./Core/Src/Adapter/massage_adapter.o
 .debug_macro   0x000165fc       0x34 ./Core/Src/Adapter/massage_adapter.o
 .debug_macro   0x00016630       0x34 ./Core/Src/Adapter/massage_adapter.o
 .debug_macro   0x00016664       0x34 ./Core/Src/Adapter/massage_adapter.o
 .debug_macro   0x00016698       0x34 ./Core/Src/Adapter/massage_adapter.o
 .debug_macro   0x000166cc       0x34 ./Core/Src/Adapter/massage_adapter.o
 .debug_macro   0x00016700       0x34 ./Core/Src/Adapter/massage_adapter.o
 .debug_macro   0x00016734       0x34 ./Core/Src/Adapter/massage_adapter.o
 .debug_macro   0x00016768       0x34 ./Core/Src/Adapter/massage_adapter.o
 .debug_macro   0x0001679c       0x34 ./Core/Src/Adapter/massage_adapter.o
 .debug_macro   0x000167d0       0x34 ./Core/Src/Adapter/massage_adapter.o
 .debug_macro   0x00016804       0x34 ./Core/Src/Adapter/massage_adapter.o
 .debug_macro   0x00016838       0x34 ./Core/Src/Adapter/massage_adapter.o
 .debug_macro   0x0001686c       0x3a ./Core/Src/Adapter/massage_adapter.o
 .debug_macro   0x000168a6       0x34 ./Core/Src/Adapter/massage_adapter.o
 .debug_macro   0x000168da       0x34 ./Core/Src/Adapter/massage_adapter.o
 .debug_macro   0x0001690e       0x34 ./Core/Src/Adapter/massage_adapter.o
 .debug_macro   0x00016942       0x40 ./Core/Src/Adapter/massage_adapter.o
 .debug_macro   0x00016982       0x34 ./Core/Src/Adapter/massage_adapter.o
 .debug_macro   0x000169b6       0x3a ./Core/Src/Adapter/massage_adapter.o
 .debug_macro   0x000169f0       0x3a ./Core/Src/Adapter/massage_adapter.o
 .debug_macro   0x00016a2a       0x34 ./Core/Src/Adapter/massage_adapter.o
 .debug_macro   0x00016a5e       0x34 ./Core/Src/Adapter/massage_adapter.o
 .debug_macro   0x00016a92       0x34 ./Core/Src/Adapter/massage_adapter.o
 .debug_macro   0x00016ac6       0x34 ./Core/Src/Adapter/massage_adapter.o
 .debug_macro   0x00016afa       0x34 ./Core/Src/Adapter/massage_adapter.o
 .debug_macro   0x00016b2e       0x34 ./Core/Src/Adapter/massage_adapter.o
 .debug_macro   0x00016b62       0x34 ./Core/Src/Adapter/massage_adapter.o
 .debug_macro   0x00016b96       0x34 ./Core/Src/Adapter/massage_adapter.o
 .debug_macro   0x00016bca       0x34 ./Core/Src/Adapter/massage_adapter.o
 .debug_macro   0x00016bfe       0x34 ./Core/Src/Adapter/massage_adapter.o
 .debug_macro   0x00016c32       0x34 ./Core/Src/Adapter/massage_adapter.o
 .debug_macro   0x00016c66       0x34 ./Core/Src/Adapter/massage_adapter.o
 .debug_macro   0x00016c9a       0x3a ./Core/Src/Adapter/massage_adapter.o
 .debug_macro   0x00016cd4       0x3a ./Core/Src/Adapter/massage_adapter.o
 .debug_macro   0x00016d0e       0x34 ./Core/Src/Adapter/massage_adapter.o
 .debug_macro   0x00016d42       0x34 ./Core/Src/Adapter/massage_adapter.o
 .debug_macro   0x00016d76       0x34 ./Core/Src/Adapter/massage_adapter.o
 .debug_macro   0x00016daa       0x34 ./Core/Src/Adapter/massage_adapter.o
 .debug_macro   0x00016dde       0x34 ./Core/Src/Adapter/massage_adapter.o
 .debug_macro   0x00016e12       0x34 ./Core/Src/Adapter/massage_adapter.o
 .debug_macro   0x00016e46       0x34 ./Core/Src/Adapter/massage_adapter.o
 .debug_macro   0x00016e7a       0x34 ./Core/Src/Adapter/massage_adapter.o
 .debug_macro   0x00016eae       0x3a ./Core/Src/Adapter/massage_adapter.o
 .debug_macro   0x00016ee8       0x34 ./Core/Src/Adapter/massage_adapter.o
 .debug_macro   0x00016f1c       0x34 ./Core/Src/Adapter/massage_adapter.o
 .debug_macro   0x00016f50       0x34 ./Core/Src/Adapter/massage_adapter.o
 .debug_macro   0x00016f84       0x34 ./Core/Src/Adapter/massage_adapter.o
 .debug_macro   0x00016fb8       0x34 ./Core/Src/Adapter/massage_adapter.o
 .debug_macro   0x00016fec       0x34 ./Core/Src/Adapter/massage_adapter.o
 .debug_macro   0x00017020       0x34 ./Core/Src/Adapter/massage_adapter.o
 .debug_macro   0x00017054       0x34 ./Core/Src/Adapter/massage_adapter.o
 .debug_macro   0x00017088       0x34 ./Core/Src/Adapter/massage_adapter.o
 .debug_macro   0x000170bc       0x34 ./Core/Src/Adapter/massage_adapter.o
 .debug_macro   0x000170f0       0x3a ./Core/Src/Adapter/massage_adapter.o
 .debug_macro   0x0001712a       0x34 ./Core/Src/Adapter/massage_adapter.o
 .debug_macro   0x0001715e       0x34 ./Core/Src/Adapter/massage_adapter.o
 .debug_macro   0x00017192       0x34 ./Core/Src/Adapter/massage_adapter.o
 .debug_macro   0x000171c6       0x34 ./Core/Src/Adapter/massage_adapter.o
 .debug_macro   0x000171fa       0x3a ./Core/Src/Adapter/massage_adapter.o
 .debug_macro   0x00017234       0x34 ./Core/Src/Adapter/massage_adapter.o
 .debug_macro   0x00017268       0x34 ./Core/Src/Adapter/massage_adapter.o
 .debug_macro   0x0001729c       0x34 ./Core/Src/Adapter/massage_adapter.o
 .debug_macro   0x000172d0       0x34 ./Core/Src/Adapter/massage_adapter.o
 .debug_macro   0x00017304       0x3a ./Core/Src/Adapter/massage_adapter.o
 .debug_macro   0x0001733e       0x34 ./Core/Src/Adapter/massage_adapter.o
 .debug_macro   0x00017372       0x34 ./Core/Src/Adapter/massage_adapter.o
 .debug_macro   0x000173a6       0x3a ./Core/Src/Adapter/massage_adapter.o
 .debug_macro   0x000173e0       0x34 ./Core/Src/Adapter/massage_adapter.o
 .debug_macro   0x00017414       0x34 ./Core/Src/Adapter/massage_adapter.o
 .debug_macro   0x00017448       0x3a ./Core/Src/Adapter/massage_adapter.o
 .debug_macro   0x00017482       0x34 ./Core/Src/Adapter/massage_adapter.o
 .debug_macro   0x000174b6       0x34 ./Core/Src/Adapter/massage_adapter.o
 .debug_macro   0x000174ea       0x34 ./Core/Src/Adapter/massage_adapter.o
 .debug_macro   0x0001751e       0x34 ./Core/Src/Adapter/massage_adapter.o
 .debug_macro   0x00017552       0x3a ./Core/Src/Adapter/massage_adapter.o
 .debug_macro   0x0001758c       0x34 ./Core/Src/Adapter/massage_adapter.o
 .debug_macro   0x000175c0       0x34 ./Core/Src/Adapter/massage_adapter.o
 .debug_macro   0x000175f4       0x3a ./Core/Src/Adapter/massage_adapter.o
 .debug_macro   0x0001762e       0x34 ./Core/Src/Adapter/massage_adapter.o
 .debug_macro   0x00017662       0x34 ./Core/Src/Adapter/massage_adapter.o
 .debug_macro   0x00017696       0x34 ./Core/Src/Adapter/massage_adapter.o
 .debug_macro   0x000176ca       0x3a ./Core/Src/Adapter/massage_adapter.o
 .debug_macro   0x00017704       0x3a ./Core/Src/Adapter/massage_adapter.o
 .debug_macro   0x0001773e       0x3a ./Core/Src/Adapter/massage_adapter.o
 .debug_macro   0x00017778       0x34 ./Core/Src/Adapter/massage_adapter.o
 .debug_macro   0x000177ac       0x40 ./Core/Src/Adapter/massage_adapter.o
 .debug_macro   0x000177ec       0x34 ./Core/Src/Adapter/massage_adapter.o
 .debug_macro   0x00017820       0x52 ./Core/Src/Adapter/massage_adapter.o
 .debug_macro   0x00017872       0x46 ./Core/Src/Adapter/massage_adapter.o
 .debug_macro   0x000178b8       0x3a ./Core/Src/Adapter/massage_adapter.o
 .debug_macro   0x000178f2       0x34 ./Core/Src/Adapter/massage_adapter.o
 .debug_macro   0x00017926       0x34 ./Core/Src/Adapter/massage_adapter.o
 .debug_macro   0x0001795a       0x34 ./Core/Src/Adapter/massage_adapter.o
 .debug_macro   0x0001798e       0x34 ./Core/Src/Adapter/massage_adapter.o
 .debug_macro   0x000179c2       0x34 ./Core/Src/Adapter/massage_adapter.o
 .debug_macro   0x000179f6       0x34 ./Core/Src/Adapter/massage_adapter.o
 .debug_macro   0x00017a2a       0x34 ./Core/Src/Adapter/massage_adapter.o
 .debug_macro   0x00017a5e       0x3a ./Core/Src/Adapter/massage_adapter.o
 .debug_macro   0x00017a98       0x34 ./Core/Src/Adapter/massage_adapter.o
 .debug_macro   0x00017acc       0x34 ./Core/Src/Adapter/massage_adapter.o
 .debug_macro   0x00017b00       0x34 ./Core/Src/Adapter/massage_adapter.o
 .debug_macro   0x00017b34       0x3a ./Core/Src/Adapter/massage_adapter.o
 .debug_macro   0x00017b6e       0x3a ./Core/Src/Adapter/massage_adapter.o
 .debug_macro   0x00017ba8       0x34 ./Core/Src/Adapter/massage_adapter.o
 .debug_macro   0x00017bdc       0x34 ./Core/Src/Adapter/massage_adapter.o
 .debug_macro   0x00017c10       0x3a ./Core/Src/Adapter/massage_adapter.o
 .debug_macro   0x00017c4a       0x34 ./Core/Src/Adapter/massage_adapter.o
 .debug_macro   0x00017c7e       0x3a ./Core/Src/Adapter/massage_adapter.o
 .debug_macro   0x00017cb8       0x3a ./Core/Src/Adapter/massage_adapter.o
 .debug_macro   0x00017cf2       0x3a ./Core/Src/Adapter/massage_adapter.o
 .debug_macro   0x00017d2c       0x3a ./Core/Src/Adapter/massage_adapter.o
 .debug_macro   0x00017d66       0x3a ./Core/Src/Adapter/massage_adapter.o
 .debug_macro   0x00017da0       0x3a ./Core/Src/Adapter/massage_adapter.o
 .debug_macro   0x00017dda       0x34 ./Core/Src/Adapter/massage_adapter.o
 .debug_macro   0x00017e0e       0x10 ./Core/Src/Adapter/massage_adapter.o
 .debug_macro   0x00017e1e       0x1c ./Core/Src/Adapter/massage_adapter.o
 .debug_macro   0x00017e3a       0x34 ./Core/Src/Adapter/massage_adapter.o
 .debug_macro   0x00017e6e       0x46 ./Core/Src/Adapter/massage_adapter.o
 .debug_macro   0x00017eb4       0x10 ./Core/Src/Adapter/massage_adapter.o
 .debug_macro   0x00017ec4       0x31 ./Core/Src/Adapter/massage_adapter.o
 .debug_macro   0x00017ef5       0x34 ./Core/Src/Adapter/massage_adapter.o
 .debug_macro   0x00017f29       0x12 ./Core/Src/Adapter/massage_adapter.o
 .debug_macro   0x00017f3b      0x220 ./Core/Src/PMW3901MB/pmw_3901.o
 .debug_macro   0x0001815b       0x10 ./Core/Src/PMW3901MB/pmw_3901.o
 .debug_macro   0x0001816b      0x381 ./Core/Src/main.o
 .debug_macro   0x000184ec      0x217 ./Core/Src/stm32g0xx_hal_msp.o
 .debug_macro   0x00018703      0x221 ./Core/Src/stm32g0xx_it.o
 .debug_macro   0x00018924      0x20d ./Core/Src/system_stm32g0xx.o
 .debug_macro   0x00018b31      0x22b ./Drivers/STM32G0xx_HAL_Driver/Src/stm32g0xx_hal.o
 .debug_macro   0x00018d5c      0x20d ./Drivers/STM32G0xx_HAL_Driver/Src/stm32g0xx_hal_cortex.o
 .debug_macro   0x00018f69      0x214 ./Drivers/STM32G0xx_HAL_Driver/Src/stm32g0xx_hal_gpio.o
 .debug_macro   0x0001917d      0x2d9 ./Drivers/STM32G0xx_HAL_Driver/Src/stm32g0xx_hal_i2c.o
 .debug_macro   0x00019456      0x20d ./Drivers/STM32G0xx_HAL_Driver/Src/stm32g0xx_hal_i2c_ex.o
 .debug_macro   0x00019663      0x21f ./Drivers/STM32G0xx_HAL_Driver/Src/stm32g0xx_hal_pwr_ex.o
 .debug_macro   0x00019882      0x24f ./Drivers/STM32G0xx_HAL_Driver/Src/stm32g0xx_hal_rcc.o
 .debug_macro   0x00019ad1      0x215 ./Drivers/STM32G0xx_HAL_Driver/Src/stm32g0xx_hal_spi.o
 .debug_macro   0x00019ce6      0x215 ./Drivers/STM32G0xx_HAL_Driver/Src/stm32g0xx_hal_tim.o
 .debug_macro   0x00019efb      0x213 ./Drivers/STM32G0xx_HAL_Driver/Src/stm32g0xx_hal_tim_ex.o
 .debug_macro   0x0001a10e      0x238 ./Drivers/STM32G0xx_HAL_Driver/Src/stm32g0xx_hal_uart.o

.debug_line     0x00000000    0x22809
 .debug_line    0x00000000     0x1481 ./Core/Inc/VL53L1X/core/VL53L1X_api.o
 .debug_line    0x00001481      0xfc7 ./Core/Inc/VL53L1X/platform/vl53l1_platform.o
 .debug_line    0x00002448      0xb25 ./Core/Inc/VL53L1X/vl53l1x.o
 .debug_line    0x00002f6d     0x2293 ./Core/Src/Adapter/massage_adapter.o
 .debug_line    0x00005200      0xb42 ./Core/Src/PMW3901MB/pmw_3901.o
 .debug_line    0x00005d42      0xece ./Core/Src/main.o
 .debug_line    0x00006c10      0xa40 ./Core/Src/stm32g0xx_hal_msp.o
 .debug_line    0x00007650      0x897 ./Core/Src/stm32g0xx_it.o
 .debug_line    0x00007ee7      0x8ba ./Core/Src/system_stm32g0xx.o
 .debug_line    0x000087a1       0x7b ./Core/Startup/startup_stm32g030f6px.o
 .debug_line    0x0000881c      0xc6f ./Drivers/STM32G0xx_HAL_Driver/Src/stm32g0xx_hal.o
 .debug_line    0x0000948b      0xd04 ./Drivers/STM32G0xx_HAL_Driver/Src/stm32g0xx_hal_cortex.o
 .debug_line    0x0000a18f      0xd1f ./Drivers/STM32G0xx_HAL_Driver/Src/stm32g0xx_hal_gpio.o
 .debug_line    0x0000aeae     0x5bac ./Drivers/STM32G0xx_HAL_Driver/Src/stm32g0xx_hal_i2c.o
 .debug_line    0x00010a5a      0xb65 ./Drivers/STM32G0xx_HAL_Driver/Src/stm32g0xx_hal_i2c_ex.o
 .debug_line    0x000115bf      0xb6e ./Drivers/STM32G0xx_HAL_Driver/Src/stm32g0xx_hal_pwr_ex.o
 .debug_line    0x0001212d     0x1461 ./Drivers/STM32G0xx_HAL_Driver/Src/stm32g0xx_hal_rcc.o
 .debug_line    0x0001358e     0x2fbe ./Drivers/STM32G0xx_HAL_Driver/Src/stm32g0xx_hal_spi.o
 .debug_line    0x0001654c     0x50fb ./Drivers/STM32G0xx_HAL_Driver/Src/stm32g0xx_hal_tim.o
 .debug_line    0x0001b647     0x20c0 ./Drivers/STM32G0xx_HAL_Driver/Src/stm32g0xx_hal_tim_ex.o
 .debug_line    0x0001d707     0x5102 ./Drivers/STM32G0xx_HAL_Driver/Src/stm32g0xx_hal_uart.o

.debug_str      0x00000000    0xbe86c
 .debug_str     0x00000000     0x84bd ./Core/Inc/VL53L1X/core/VL53L1X_api.o
                               0x872f (size before relaxing)
 .debug_str     0x000084bd    0x846ce ./Core/Inc/VL53L1X/platform/vl53l1_platform.o
                              0x8c38f (size before relaxing)
 .debug_str     0x0008cb8b       0x59 ./Core/Inc/VL53L1X/vl53l1x.o
                              0x8a3d9 (size before relaxing)
 .debug_str     0x0008cbe4    0x2cd45 ./Core/Src/Adapter/massage_adapter.o
                              0xb6ca7 (size before relaxing)
 .debug_str     0x000b9929      0x3ff ./Core/Src/PMW3901MB/pmw_3901.o
                              0x869c6 (size before relaxing)
 .debug_str     0x000b9d28      0x62b ./Core/Src/main.o
                              0x8b446 (size before relaxing)
 .debug_str     0x000ba353      0x299 ./Core/Src/stm32g0xx_hal_msp.o
                              0x872c3 (size before relaxing)
 .debug_str     0x000ba5ec       0xa6 ./Core/Src/stm32g0xx_it.o
                              0x868aa (size before relaxing)
 .debug_str     0x000ba692       0x8e ./Core/Src/system_stm32g0xx.o
                              0x8636d (size before relaxing)
 .debug_str     0x000ba720       0x44 ./Core/Startup/startup_stm32g030f6px.o
                                 0x81 (size before relaxing)
 .debug_str     0x000ba764      0x45e ./Drivers/STM32G0xx_HAL_Driver/Src/stm32g0xx_hal.o
                              0x869f8 (size before relaxing)
 .debug_str     0x000babc2      0x27c ./Drivers/STM32G0xx_HAL_Driver/Src/stm32g0xx_hal_cortex.o
                              0x867b1 (size before relaxing)
 .debug_str     0x000bae3e      0x13d ./Drivers/STM32G0xx_HAL_Driver/Src/stm32g0xx_hal_gpio.o
                              0x86494 (size before relaxing)
 .debug_str     0x000baf7b      0xdc8 ./Drivers/STM32G0xx_HAL_Driver/Src/stm32g0xx_hal_i2c.o
                              0x87722 (size before relaxing)
 .debug_str     0x000bbd43       0xb8 ./Drivers/STM32G0xx_HAL_Driver/Src/stm32g0xx_hal_i2c_ex.o
                              0x8699e (size before relaxing)
 .debug_str     0x000bbdfb      0x221 ./Drivers/STM32G0xx_HAL_Driver/Src/stm32g0xx_hal_pwr_ex.o
                              0x865c1 (size before relaxing)
 .debug_str     0x000bc01c      0x49c ./Drivers/STM32G0xx_HAL_Driver/Src/stm32g0xx_hal_rcc.o
                              0x86a91 (size before relaxing)
 .debug_str     0x000bc4b8      0x53f ./Drivers/STM32G0xx_HAL_Driver/Src/stm32g0xx_hal_spi.o
                              0x86d53 (size before relaxing)
 .debug_str     0x000bc9f7      0xe62 ./Drivers/STM32G0xx_HAL_Driver/Src/stm32g0xx_hal_tim.o
                              0x878a1 (size before relaxing)
 .debug_str     0x000bd859      0x67e ./Drivers/STM32G0xx_HAL_Driver/Src/stm32g0xx_hal_tim_ex.o
                              0x8722f (size before relaxing)
 .debug_str     0x000bded7      0x995 ./Drivers/STM32G0xx_HAL_Driver/Src/stm32g0xx_hal_uart.o
                              0x87338 (size before relaxing)

.comment        0x00000000       0x43
 .comment       0x00000000       0x43 ./Core/Inc/VL53L1X/core/VL53L1X_api.o
                                 0x44 (size before relaxing)
 .comment       0x00000043       0x44 ./Core/Inc/VL53L1X/platform/vl53l1_platform.o
 .comment       0x00000043       0x44 ./Core/Inc/VL53L1X/vl53l1x.o
 .comment       0x00000043       0x44 ./Core/Src/Adapter/massage_adapter.o
 .comment       0x00000043       0x44 ./Core/Src/PMW3901MB/pmw_3901.o
 .comment       0x00000043       0x44 ./Core/Src/main.o
 .comment       0x00000043       0x44 ./Core/Src/stm32g0xx_hal_msp.o
 .comment       0x00000043       0x44 ./Core/Src/stm32g0xx_it.o
 .comment       0x00000043       0x44 ./Core/Src/system_stm32g0xx.o
 .comment       0x00000043       0x44 ./Drivers/STM32G0xx_HAL_Driver/Src/stm32g0xx_hal.o
 .comment       0x00000043       0x44 ./Drivers/STM32G0xx_HAL_Driver/Src/stm32g0xx_hal_cortex.o
 .comment       0x00000043       0x44 ./Drivers/STM32G0xx_HAL_Driver/Src/stm32g0xx_hal_gpio.o
 .comment       0x00000043       0x44 ./Drivers/STM32G0xx_HAL_Driver/Src/stm32g0xx_hal_i2c.o
 .comment       0x00000043       0x44 ./Drivers/STM32G0xx_HAL_Driver/Src/stm32g0xx_hal_i2c_ex.o
 .comment       0x00000043       0x44 ./Drivers/STM32G0xx_HAL_Driver/Src/stm32g0xx_hal_pwr_ex.o
 .comment       0x00000043       0x44 ./Drivers/STM32G0xx_HAL_Driver/Src/stm32g0xx_hal_rcc.o
 .comment       0x00000043       0x44 ./Drivers/STM32G0xx_HAL_Driver/Src/stm32g0xx_hal_spi.o
 .comment       0x00000043       0x44 ./Drivers/STM32G0xx_HAL_Driver/Src/stm32g0xx_hal_tim.o
 .comment       0x00000043       0x44 ./Drivers/STM32G0xx_HAL_Driver/Src/stm32g0xx_hal_tim_ex.o
 .comment       0x00000043       0x44 ./Drivers/STM32G0xx_HAL_Driver/Src/stm32g0xx_hal_uart.o

.debug_frame    0x00000000     0x3984
 .debug_frame   0x00000000      0x4f0 ./Core/Inc/VL53L1X/core/VL53L1X_api.o
 .debug_frame   0x000004f0      0x1b4 ./Core/Inc/VL53L1X/platform/vl53l1_platform.o
 .debug_frame   0x000006a4       0x4c ./Core/Inc/VL53L1X/vl53l1x.o
 .debug_frame   0x000006f0       0xc8 ./Core/Src/Adapter/massage_adapter.o
 .debug_frame   0x000007b8       0xb0 ./Core/Src/PMW3901MB/pmw_3901.o
 .debug_frame   0x00000868       0x78 ./Core/Src/main.o
 .debug_frame   0x000008e0       0xf4 ./Core/Src/stm32g0xx_hal_msp.o
 .debug_frame   0x000009d4       0x80 ./Core/Src/stm32g0xx_it.o
 .debug_frame   0x00000a54       0x38 ./Core/Src/system_stm32g0xx.o
 .debug_frame   0x00000a8c      0x214 ./Drivers/STM32G0xx_HAL_Driver/Src/stm32g0xx_hal.o
 .debug_frame   0x00000ca0      0x130 ./Drivers/STM32G0xx_HAL_Driver/Src/stm32g0xx_hal_cortex.o
 .debug_frame   0x00000dd0       0xd0 ./Drivers/STM32G0xx_HAL_Driver/Src/stm32g0xx_hal_gpio.o
 .debug_frame   0x00000ea0      0x888 ./Drivers/STM32G0xx_HAL_Driver/Src/stm32g0xx_hal_i2c.o
 .debug_frame   0x00001728       0xb0 ./Drivers/STM32G0xx_HAL_Driver/Src/stm32g0xx_hal_i2c_ex.o
 .debug_frame   0x000017d8      0x140 ./Drivers/STM32G0xx_HAL_Driver/Src/stm32g0xx_hal_pwr_ex.o
 .debug_frame   0x00001918      0x178 ./Drivers/STM32G0xx_HAL_Driver/Src/stm32g0xx_hal_rcc.o
 .debug_frame   0x00001a90      0x5b4 ./Drivers/STM32G0xx_HAL_Driver/Src/stm32g0xx_hal_spi.o
 .debug_frame   0x00002044      0xb00 ./Drivers/STM32G0xx_HAL_Driver/Src/stm32g0xx_hal_tim.o
 .debug_frame   0x00002b44      0x4c4 ./Drivers/STM32G0xx_HAL_Driver/Src/stm32g0xx_hal_tim_ex.o
 .debug_frame   0x00003008      0x71c ./Drivers/STM32G0xx_HAL_Driver/Src/stm32g0xx_hal_uart.o
 .debug_frame   0x00003724       0x20 D:/ST/STM32CubeIDE_1.16.1/STM32CubeIDE/plugins/com.st.stm32cube.ide.mcu.externaltools.gnu-tools-for-stm32.12.3.rel1.win32_1.0.200.202406191623/tools/bin/../lib/gcc/arm-none-eabi/12.3.1/../../../../arm-none-eabi/lib/thumb/v6-m/nofp\libc_nano.a(libc_a-memset.o)
 .debug_frame   0x00003744       0x2c D:/ST/STM32CubeIDE_1.16.1/STM32CubeIDE/plugins/com.st.stm32cube.ide.mcu.externaltools.gnu-tools-for-stm32.12.3.rel1.win32_1.0.200.202406191623/tools/bin/../lib/gcc/arm-none-eabi/12.3.1/../../../../arm-none-eabi/lib/thumb/v6-m/nofp\libc_nano.a(libc_a-init.o)
 .debug_frame   0x00003770       0x28 D:/ST/STM32CubeIDE_1.16.1/STM32CubeIDE/plugins/com.st.stm32cube.ide.mcu.externaltools.gnu-tools-for-stm32.12.3.rel1.win32_1.0.200.202406191623/tools/bin/../lib/gcc/arm-none-eabi/12.3.1/../../../../arm-none-eabi/lib/thumb/v6-m/nofp\libc_nano.a(libc_a-memcpy-stub.o)
 .debug_frame   0x00003798       0x20 D:/ST/STM32CubeIDE_1.16.1/STM32CubeIDE/plugins/com.st.stm32cube.ide.mcu.externaltools.gnu-tools-for-stm32.12.3.rel1.win32_1.0.200.202406191623/tools/bin/../lib/gcc/arm-none-eabi/12.3.1/thumb/v6-m/nofp\libgcc.a(_udivsi3.o)
 .debug_frame   0x000037b8       0x20 D:/ST/STM32CubeIDE_1.16.1/STM32CubeIDE/plugins/com.st.stm32cube.ide.mcu.externaltools.gnu-tools-for-stm32.12.3.rel1.win32_1.0.200.202406191623/tools/bin/../lib/gcc/arm-none-eabi/12.3.1/thumb/v6-m/nofp\libgcc.a(_divsi3.o)
 .debug_frame   0x000037d8       0x2c D:/ST/STM32CubeIDE_1.16.1/STM32CubeIDE/plugins/com.st.stm32cube.ide.mcu.externaltools.gnu-tools-for-stm32.12.3.rel1.win32_1.0.200.202406191623/tools/bin/../lib/gcc/arm-none-eabi/12.3.1/thumb/v6-m/nofp\libgcc.a(_fixunsdfsi.o)
 .debug_frame   0x00003804       0x3c D:/ST/STM32CubeIDE_1.16.1/STM32CubeIDE/plugins/com.st.stm32cube.ide.mcu.externaltools.gnu-tools-for-stm32.12.3.rel1.win32_1.0.200.202406191623/tools/bin/../lib/gcc/arm-none-eabi/12.3.1/thumb/v6-m/nofp\libgcc.a(muldf3.o)
 .debug_frame   0x00003840       0x3c D:/ST/STM32CubeIDE_1.16.1/STM32CubeIDE/plugins/com.st.stm32cube.ide.mcu.externaltools.gnu-tools-for-stm32.12.3.rel1.win32_1.0.200.202406191623/tools/bin/../lib/gcc/arm-none-eabi/12.3.1/thumb/v6-m/nofp\libgcc.a(subdf3.o)
 .debug_frame   0x0000387c       0x30 D:/ST/STM32CubeIDE_1.16.1/STM32CubeIDE/plugins/com.st.stm32cube.ide.mcu.externaltools.gnu-tools-for-stm32.12.3.rel1.win32_1.0.200.202406191623/tools/bin/../lib/gcc/arm-none-eabi/12.3.1/thumb/v6-m/nofp\libgcc.a(fixdfsi.o)
 .debug_frame   0x000038ac       0x28 D:/ST/STM32CubeIDE_1.16.1/STM32CubeIDE/plugins/com.st.stm32cube.ide.mcu.externaltools.gnu-tools-for-stm32.12.3.rel1.win32_1.0.200.202406191623/tools/bin/../lib/gcc/arm-none-eabi/12.3.1/thumb/v6-m/nofp\libgcc.a(floatunsidf.o)
 .debug_frame   0x000038d4       0x38 D:/ST/STM32CubeIDE_1.16.1/STM32CubeIDE/plugins/com.st.stm32cube.ide.mcu.externaltools.gnu-tools-for-stm32.12.3.rel1.win32_1.0.200.202406191623/tools/bin/../lib/gcc/arm-none-eabi/12.3.1/thumb/v6-m/nofp\libgcc.a(eqdf2.o)
 .debug_frame   0x0000390c       0x3c D:/ST/STM32CubeIDE_1.16.1/STM32CubeIDE/plugins/com.st.stm32cube.ide.mcu.externaltools.gnu-tools-for-stm32.12.3.rel1.win32_1.0.200.202406191623/tools/bin/../lib/gcc/arm-none-eabi/12.3.1/thumb/v6-m/nofp\libgcc.a(gedf2.o)
 .debug_frame   0x00003948       0x3c D:/ST/STM32CubeIDE_1.16.1/STM32CubeIDE/plugins/com.st.stm32cube.ide.mcu.externaltools.gnu-tools-for-stm32.12.3.rel1.win32_1.0.200.202406191623/tools/bin/../lib/gcc/arm-none-eabi/12.3.1/thumb/v6-m/nofp\libgcc.a(ledf2.o)

.debug_line_str
                0x00000000       0x65
 .debug_line_str
                0x00000000       0x65 ./Core/Startup/startup_stm32g030f6px.o